Component: ARM Compiler 5.06 update 7 (build 960) Tool: armlink [4d3601]

==============================================================================

Section Cross References

    startup_stm32f401xc.o(STACK) refers (Special) to heapauxi.o(.text) for __use_two_region_memory
    startup_stm32f401xc.o(HEAP) refers (Special) to heapauxi.o(.text) for __use_two_region_memory
    startup_stm32f401xc.o(RESET) refers (Special) to heapauxi.o(.text) for __use_two_region_memory
    startup_stm32f401xc.o(RESET) refers to startup_stm32f401xc.o(STACK) for __initial_sp
    startup_stm32f401xc.o(RESET) refers to startup_stm32f401xc.o(.text) for Reset_Handler
    startup_stm32f401xc.o(RESET) refers to stm32f4xx_it.o(i.NMI_Handler) for NMI_Handler
    startup_stm32f401xc.o(RESET) refers to stm32f4xx_it.o(i.HardFault_Handler) for HardFault_Handler
    startup_stm32f401xc.o(RESET) refers to stm32f4xx_it.o(i.MemManage_Handler) for MemManage_Handler
    startup_stm32f401xc.o(RESET) refers to stm32f4xx_it.o(i.BusFault_Handler) for BusFault_Handler
    startup_stm32f401xc.o(RESET) refers to stm32f4xx_it.o(i.UsageFault_Handler) for UsageFault_Handler
    startup_stm32f401xc.o(RESET) refers to port.o(.emb_text) for SVC_Handler
    startup_stm32f401xc.o(RESET) refers to stm32f4xx_it.o(i.DebugMon_Handler) for DebugMon_Handler
    startup_stm32f401xc.o(RESET) refers to port.o(i.SysTick_Handler) for SysTick_Handler
    startup_stm32f401xc.o(RESET) refers to stm32f4xx_it.o(i.USART1_IRQHandler) for USART1_IRQHandler
    startup_stm32f401xc.o(RESET) refers to stm32f4xx_it.o(i.USART2_IRQHandler) for USART2_IRQHandler
    startup_stm32f401xc.o(RESET) refers to stm32f4xx_it.o(i.TIM5_IRQHandler) for TIM5_IRQHandler
    startup_stm32f401xc.o(.text) refers (Special) to heapauxi.o(.text) for __use_two_region_memory
    startup_stm32f401xc.o(.text) refers to system_stm32f4xx.o(i.SystemInit) for SystemInit
    startup_stm32f401xc.o(.text) refers to __main.o(!!!main) for __main
    startup_stm32f401xc.o(.text) refers to startup_stm32f401xc.o(HEAP) for Heap_Mem
    startup_stm32f401xc.o(.text) refers to startup_stm32f401xc.o(STACK) for Stack_Mem
    uart_bridge.o(i.StartUART1_Task) refers to queue.o(i.xQueueReceive) for xQueueReceive
    uart_bridge.o(i.StartUART1_Task) refers to uart_bridge.o(i.LL_USART_IsActiveFlag_TXE) for LL_USART_IsActiveFlag_TXE
    uart_bridge.o(i.StartUART1_Task) refers to uart_bridge.o(i.LL_USART_TransmitData8) for LL_USART_TransmitData8
    uart_bridge.o(i.StartUART1_Task) refers to uart_bridge.o(.data) for uart2_to_uart1_queue
    uart_bridge.o(i.StartUART2_Task) refers to queue.o(i.xQueueReceive) for xQueueReceive
    uart_bridge.o(i.StartUART2_Task) refers to uart_bridge.o(i.LL_USART_IsActiveFlag_TXE) for LL_USART_IsActiveFlag_TXE
    uart_bridge.o(i.StartUART2_Task) refers to uart_bridge.o(i.LL_USART_TransmitData8) for LL_USART_TransmitData8
    uart_bridge.o(i.StartUART2_Task) refers to uart_bridge.o(.data) for uart1_to_uart2_queue
    uart_bridge.o(i.UART_Bridge_init) refers to uart_bridge.o(i.LL_USART_EnableIT_RXNE) for LL_USART_EnableIT_RXNE
    uart_bridge.o(i.UART_Bridge_init) refers to queue.o(i.xQueueGenericCreate) for xQueueGenericCreate
    uart_bridge.o(i.UART_Bridge_init) refers to rt_memcpy_w.o(.text) for __aeabi_memcpy4
    uart_bridge.o(i.UART_Bridge_init) refers to cmsis_os.o(i.osThreadCreate) for osThreadCreate
    uart_bridge.o(i.UART_Bridge_init) refers to cmsis_os.o(i.osKernelStart) for osKernelStart
    uart_bridge.o(i.UART_Bridge_init) refers to uart_bridge.o(.data) for uart1_to_uart2_queue
    uart_bridge.o(i.UART_Bridge_init) refers to uart_bridge.o(.constdata) for .constdata
    uart_bridge.o(i.USART1_IRQ_Handler) refers to queue.o(i.xQueueGenericSendFromISR) for xQueueGenericSendFromISR
    uart_bridge.o(i.USART1_IRQ_Handler) refers to uart_bridge.o(.data) for uart1_to_uart2_queue
    uart_bridge.o(i.USART2_IRQ_Handler) refers to queue.o(i.xQueueGenericSendFromISR) for xQueueGenericSendFromISR
    uart_bridge.o(i.USART2_IRQ_Handler) refers to uart_bridge.o(.data) for uart2_to_uart1_queue
    uart_bridge.o(.constdata) refers to uart_bridge.o(.conststring) for .conststring
    uart_bridge.o(.constdata) refers to uart_bridge.o(i.StartUART1_Task) for StartUART1_Task
    uart_bridge.o(.constdata) refers to uart_bridge.o(i.StartUART2_Task) for StartUART2_Task
    main.o(i.HAL_TIM_PeriodElapsedCallback) refers to stm32f4xx_hal.o(i.HAL_IncTick) for HAL_IncTick
    main.o(i.MX_GPIO_Init) refers to main.o(i.LL_AHB1_GRP1_EnableClock) for LL_AHB1_GRP1_EnableClock
    main.o(i.MX_USART1_UART_Init) refers to rt_memclr_w.o(.text) for __aeabi_memclr4
    main.o(i.MX_USART1_UART_Init) refers to main.o(i.LL_AHB1_GRP1_EnableClock) for LL_AHB1_GRP1_EnableClock
    main.o(i.MX_USART1_UART_Init) refers to stm32f4xx_ll_gpio.o(i.LL_GPIO_Init) for LL_GPIO_Init
    main.o(i.MX_USART1_UART_Init) refers to main.o(i.__NVIC_GetPriorityGrouping) for __NVIC_GetPriorityGrouping
[...]
    ../clib/angel/sysapp.c                   0x00000000   Number         0  sys_command.o ABSOLUTE
    ../clib/angel/sysapp.c                   0x00000000   Number         0  sys_wrch.o ABSOLUTE
    ../clib/angel/sysapp.c                   0x00000000   Number         0  sys_exit.o ABSOLUTE
    ../clib/armsys.c                         0x00000000   Number         0  no_argv.o ABSOLUTE
    ../clib/armsys.c                         0x00000000   Number         0  argv_veneer.o ABSOLUTE
    ../clib/armsys.c                         0x00000000   Number         0  _get_argv_nomalloc.o ABSOLUTE
    ../clib/armsys.c                         0x00000000   Number         0  argv_veneer.o ABSOLUTE
    ../clib/heapalloc.c                      0x00000000   Number         0  hrguard.o ABSOLUTE
    ../clib/heapaux.c                        0x00000000   Number         0  heapauxi.o ABSOLUTE
    ../clib/libinit.s                        0x00000000   Number         0  libshutdown.o ABSOLUTE
    ../clib/libinit.s                        0x00000000   Number         0  libinit2.o ABSOLUTE
    ../clib/libinit.s                        0x00000000   Number         0  libinit.o ABSOLUTE
    ../clib/libinit.s                        0x00000000   Number         0  libshutdown2.o ABSOLUTE
    ../clib/longlong.s                       0x00000000   Number         0  lludivv7m.o ABSOLUTE
    ../clib/memcpset.s                       0x00000000   Number         0  rt_memcpy_w.o ABSOLUTE
    ../clib/memcpset.s                       0x00000000   Number         0  rt_memcpy_v6.o ABSOLUTE
    ../clib/memcpset.s                       0x00000000   Number         0  rt_memclr_w.o ABSOLUTE
    ../clib/memcpset.s                       0x00000000   Number         0  rt_memclr.o ABSOLUTE
    ../clib/memcpset.s                       0x00000000   Number         0  memset.o ABSOLUTE
    ../clib/signal.c                         0x00000000   Number         0  defsig_rtred_inner.o ABSOLUTE
    ../clib/signal.c                         0x00000000   Number         0  defsig_abrt_inner.o ABSOLUTE
    ../clib/signal.c                         0x00000000   Number         0  defsig_fpe_formal.o ABSOLUTE
    ../clib/signal.c                         0x00000000   Number         0  defsig_cppl_inner.o ABSOLUTE
    ../clib/signal.c                         0x00000000   Number         0  defsig_fpe_inner.o ABSOLUTE
    ../clib/signal.c                         0x00000000   Number         0  defsig_rtmem_inner.o ABSOLUTE
    ../clib/signal.c                         0x00000000   Number         0  __raise.o ABSOLUTE
    ../clib/signal.c                         0x00000000   Number         0  defsig_general.o ABSOLUTE
    ../clib/signal.c                         0x00000000   Number         0  defsig_other.o ABSOLUTE
    ../clib/signal.c                         0x00000000   Number         0  defsig_exit.o ABSOLUTE
    ../clib/signal.c                         0x00000000   Number         0  defsig_segv_inner.o ABSOLUTE
    ../clib/signal.c                         0x00000000   Number         0  defsig_pvfn_inner.o ABSOLUTE
    ../clib/signal.c                         0x00000000   Number         0  defsig_stak_inner.o ABSOLUTE
    ../clib/signal.c                         0x00000000   Number         0  defsig_fpe_outer.o ABSOLUTE
    ../clib/signal.c                         0x00000000   Number         0  defsig_rtmem_formal.o ABSOLUTE
    ../clib/signal.c                         0x00000000   Number         0  defsig_rtmem_outer.o ABSOLUTE
    ../clib/signal.s                         0x00000000   Number         0  defsig.o ABSOLUTE
    ../clib/stdlib.c                         0x00000000   Number         0  exit.o ABSOLUTE
    ../fplib/fpinit.s                        0x00000000   Number         0  fpinit.o ABSOLUTE
    ..\Core\Src\UART_bridge.c                0x00000000   Number         0  uart_bridge.o ABSOLUTE
    ..\Core\Src\freertos.c                   0x00000000   Number         0  freertos.o ABSOLUTE
    ..\Core\Src\main.c                       0x00000000   Number         0  main.o ABSOLUTE
    ..\Core\Src\stm32f4xx_hal_msp.c          0x00000000   Number         0  stm32f4xx_hal_msp.o ABSOLUTE
    ..\Core\Src\stm32f4xx_hal_timebase_tim.c 0x00000000   Number         0  stm32f4xx_hal_timebase_tim.o ABSOLUTE
    ..\Core\Src\stm32f4xx_it.c               0x00000000   Number         0  stm32f4xx_it.o ABSOLUTE
    ..\Core\Src\system_stm32f4xx.c           0x00000000   Number         0  system_stm32f4xx.o ABSOLUTE
    ..\Drivers\STM32F4xx_HAL_Driver\Src\stm32f4xx_hal.c 0x00000000   Number         0  stm32f4xx_hal.o ABSOLUTE
    ..\Drivers\STM32F4xx_HAL_Driver\Src\stm32f4xx_hal_cortex.c 0x00000000   Number         0  stm32f4xx_hal_cortex.o ABSOLUTE
    ..\Drivers\STM32F4xx_HAL_Driver\Src\stm32f4xx_hal_dma.c 0x00000000   Number         0  stm32f4xx_hal_dma.o ABSOLUTE
    ..\Drivers\STM32F4xx_HAL_Driver\Src\stm32f4xx_hal_dma_ex.c 0x00000000   Number         0  stm32f4xx_hal_dma_ex.o ABSOLUTE
    ..\Drivers\STM32F4xx_HAL_Driver\Src\stm32f4xx_hal_exti.c 0x00000000   Number         0  stm32f4xx_hal_exti.o ABSOLUTE
    ..\Drivers\STM32F4xx_HAL_Driver\Src\stm32f4xx_hal_flash.c 0x00000000   Number         0  stm32f4xx_hal_flash.o ABSOLUTE
    ..\Drivers\STM32F4xx_HAL_Driver\Src\stm32f4xx_hal_flash_ex.c 0x00000000   Number         0  stm32f4xx_hal_flash_ex.o ABSOLUTE
    ..\Drivers\STM32F4xx_HAL_Driver\Src\stm32f4xx_hal_flash_ramfunc.c 0x00000000   Number         0  stm32f4xx_hal_flash_ramfunc.o ABSOLUTE
    ..\Drivers\STM32F4xx_HAL_Driver\Src\stm32f4xx_hal_gpio.c 0x00000000   Number         0  stm32f4xx_hal_gpio.o ABSOLUTE
    ..\Drivers\STM32F4xx_HAL_Driver\Src\stm32f4xx_hal_pwr.c 0x00000000   Number         0  stm32f4xx_hal_pwr.o ABSOLUTE
    ..\Drivers\STM32F4xx_HAL_Driver\Src\stm32f4xx_hal_pwr_ex.c 0x00000000   Number         0  stm32f4xx_hal_pwr_ex.o ABSOLUTE
    ..\Drivers\STM32F4xx_HAL_Driver\Src\stm32f4xx_hal_rcc.c 0x00000000   Number         0  stm32f4xx_hal_rcc.o ABSOLUTE
    ..\Drivers\STM32F4xx_HAL_Driver\Src\stm32f4xx_hal_rcc_ex.c 0x00000000   Number         0  stm32f4xx_hal_rcc_ex.o ABSOLUTE
    ..\Drivers\STM32F4xx_HAL_Driver\Src\stm32f4xx_hal_tim.c 0x00000000   Number         0  stm32f4xx_hal_tim.o ABSOLUTE
    ..\Drivers\STM32F4xx_HAL_Driver\Src\stm32f4xx_hal_tim_ex.c 0x00000000   Number         0  stm32f4xx_hal_tim_ex.o ABSOLUTE
    ..\Drivers\STM32F4xx_HAL_Driver\Src\stm32f4xx_ll_dma.c 0x00000000   Number         0  stm32f4xx_ll_dma.o ABSOLUTE
    ..\Drivers\STM32F4xx_HAL_Driver\Src\stm32f4xx_ll_exti.c 0x00000000   Number         0  stm32f4xx_ll_exti.o ABSOLUTE
    ..\Drivers\STM32F4xx_HAL_Driver\Src\stm32f4xx_ll_gpio.c 0x00000000   Number         0  stm32f4xx_ll_gpio.o ABSOLUTE
    ..\Drivers\STM32F4xx_HAL_Driver\Src\stm32f4xx_ll_rcc.c 0x00000000   Number         0  stm32f4xx_ll_rcc.o ABSOLUTE
    ..\Drivers\STM32F4xx_HAL_Driver\Src\stm32f4xx_ll_usart.c 0x00000000   Number         0  stm32f4xx_ll_usart.o ABSOLUTE
    ..\Drivers\STM32F4xx_HAL_Driver\Src\stm32f4xx_ll_utils.c 0x00000000   Number         0  stm32f4xx_ll_utils.o ABSOLUTE
    ..\Middlewares\Third_Party\FreeRTOS\Source\CMSIS_RTOS\cmsis_os.c 0x00000000   Number         0  cmsis_os.o ABSOLUTE
    ..\Middlewares\Third_Party\FreeRTOS\Source\portable\RVDS\ARM_CM4F\port.c 0x00000000   Number         0  port.o ABSOLUTE
    ..\\Core\\Src\\UART_bridge.c             0x00000000   Number         0  uart_bridge.o ABSOLUTE
    dc.s                                     0x00000000   Number         0  dc.o ABSOLUTE
    startup_stm32f401xc.s                    0x00000000   Number         0  startup_stm32f401xc.o ABSOLUTE
    RESET                                    0x08000000   Section      404  startup_stm32f401xc.o(RESET)
    !!!main                                  0x08000194   Section        8  __main.o(!!!main)
    !!!scatter                               0x0800019c   Section       52  __scatter.o(!!!scatter)
    !!handler_copy                           0x080001d0   Section       26  __scatter_copy.o(!!handler_copy)
    !!handler_zi                             0x080001ec   Section       28  __scatter_zi.o(!!handler_zi)
    .ARM.Collect$$libinit$$00000000          0x08000208   Section        2  libinit.o(.ARM.Collect$$libinit$$00000000)
    .ARM.Collect$$libinit$$00000001          0x0800020a   Section        4  libinit2.o(.ARM.Collect$$libinit$$00000001)
    .ARM.Collect$$libinit$$00000004          0x0800020e   Section        0  libinit2.o(.ARM.Collect$$libinit$$00000004)
    .ARM.Collect$$libinit$$0000000A          0x0800020e   Section        0  libinit2.o(.ARM.Collect$$libinit$$0000000A)
    .ARM.Collect$$libinit$$0000000C          0x0800020e   Section        0  libinit2.o(.ARM.Collect$$libinit$$0000000C)
    .ARM.Collect$$libinit$$0000000E          0x0800020e   Section        0  libinit2.o(.ARM.Collect$$libinit$$0000000E)
    .ARM.Collect$$libinit$$00000011          0x0800020e   Section        0  libinit2.o(.ARM.Collect$$libinit$$00000011)
    .ARM.Collect$$libinit$$00000013          0x0800020e   Section        0  libinit2.o(.ARM.Collect$$libinit$$00000013)
    .ARM.Collect$$libinit$$00000015          0x0800020e   Section        0  libinit2.o(.ARM.Collect$$libinit$$00000015)
    .ARM.Collect$$libinit$$00000017          0x0800020e   Section        0  libinit2.o(.ARM.Collect$$libinit$$00000017)
    .ARM.Collect$$libinit$$00000019          0x0800020e   Section        0  libinit2.o(.ARM.Collect$$libinit$$00000019)
    .ARM.Collect$$libinit$$0000001B          0x0800020e   Section        0  libinit2.o(.ARM.Collect$$libinit$$0000001B)
    .ARM.Collect$$libinit$$0000001D          0x0800020e   Section        0  libinit2.o(.ARM.Collect$$libinit$$0000001D)
    .ARM.Collect$$libinit$$0000001F          0x0800020e   Section        0  libinit2.o(.ARM.Collect$$libinit$$0000001F)
    .ARM.Collect$$libinit$$00000021          0x0800020e   Section        0  libinit2.o(.ARM.Collect$$libinit$$00000021)
    .ARM.Collect$$libinit$$00000023          0x0800020e   Section        0  libinit2.o(.ARM.Collect$$libinit$$00000023)
    .ARM.Collect$$libinit$$00000025          0x0800020e   Section        0  libinit2.o(.ARM.Collect$$libinit$$00000025)
    .ARM.Collect$$libinit$$0000002C          0x0800020e   Section        0  libinit2.o(.ARM.Collect$$libinit$$0000002C)
    .ARM.Collect$$libinit$$0000002E          0x0800020e   Section        0  libinit2.o(.ARM.Collect$$libinit$$0000002E)
    .ARM.Collect$$libinit$$00000030          0x0800020e   Section        0  libinit2.o(.ARM.Collect$$libinit$$00000030)
    .ARM.Collect$$libinit$$00000032          0x0800020e   Section        0  libinit2.o(.ARM.Collect$$libinit$$00000032)
    .ARM.Collect$$libinit$$00000033          0x0800020e   Section        2  libinit2.o(.ARM.Collect$$libinit$$00000033)
    .ARM.Collect$$libshutdown$$00000000      0x08000210   Section        2  libshutdown.o(.ARM.Collect$$libshutdown$$00000000)
    .ARM.Collect$$libshutdown$$00000002      0x08000212   Section        0  libshutdown2.o(.ARM.Collect$$libshutdown$$00000002)
    .ARM.Collect$$libshutdown$$00000004      0x08000212   Section        0  libshutdown2.o(.ARM.Collect$$libshutdown$$00000004)
    .ARM.Collect$$libshutdown$$00000006      0x08000212   Section        0  libshutdown2.o(.ARM.Collect$$libshutdown$$00000006)
    .ARM.Collect$$libshutdown$$00000009      0x08000212   Section        0  libshutdown2.o(.ARM.Collect$$libshutdown$$00000009)
    .ARM.Collect$$libshutdown$$0000000C      0x08000212   Section        0  libshutdown2.o(.ARM.Collect$$libshutdown$$0000000C)
    .ARM.Collect$$libshutdown$$0000000E      0x08000212   Section        0  libshutdown2.o(.ARM.Collect$$libshutdown$$0000000E)
    .ARM.Collect$$libshutdown$$00000011      0x08000212   Section        0  libshutdown2.o(.ARM.Collect$$libshutdown$$00000011)
    .ARM.Collect$$libshutdown$$00000012      0x08000212   Section        2  libshutdown2.o(.ARM.Collect$$libshutdown$$00000012)
    .ARM.Collect$$rtentry$$00000000          0x08000214   Section        0  __rtentry.o(.ARM.Collect$$rtentry$$00000000)
    .ARM.Collect$$rtentry$$00000002          0x08000214   Section        0  __rtentry2.o(.ARM.Collect$$rtentry$$00000002)
    .ARM.Collect$$rtentry$$00000004          0x08000214   Section        6  __rtentry4.o(.ARM.Collect$$rtentry$$00000004)
    .ARM.Collect$$rtentry$$00000009          0x0800021a   Section        0  __rtentry2.o(.ARM.Collect$$rtentry$$00000009)
    .ARM.Collect$$rtentry$$0000000A          0x0800021a   Section        4  __rtentry2.o(.ARM.Collect$$rtentry$$0000000A)
    .ARM.Collect$$rtentry$$0000000C          0x0800021e   Section        0  __rtentry2.o(.ARM.Collect$$rtentry$$0000000C)
    .ARM.Collect$$rtentry$$0000000D          0x0800021e   Section        8  __rtentry2.o(.ARM.Collect$$rtentry$$0000000D)
    .ARM.Collect$$rtexit$$00000000           0x08000226   Section        2  rtexit.o(.ARM.Collect$$rtexit$$00000000)
    .ARM.Collect$$rtexit$$00000002           0x08000228   Section        0  rtexit2.o(.ARM.Collect$$rtexit$$00000002)
    .ARM.Collect$$rtexit$$00000003           0x08000228   Section        4  rtexit2.o(.ARM.Collect$$rtexit$$00000003)
    .ARM.Collect$$rtexit$$00000004           0x0800022c   Section        6  rtexit2.o(.ARM.Collect$$rtexit$$00000004)
    .emb_text                                0x08000234   Section      190  port.o(.emb_text)
    $v0                                      0x08000234   Number         0  port.o(.emb_text)
    .text                                    0x080002f4   Section       64  startup_stm32f401xc.o(.text)
    $v0                                      0x080002f4   Number         0  startup_stm32f401xc.o(.text)
    .text                                    0x08000334   Section      238  lludivv7m.o(.text)
    .text                                    0x08000422   Section      138  rt_memcpy_v6.o(.text)
    .text                                    0x080004ac   Section      100  rt_memcpy_w.o(.text)
    .text                                    0x08000510   Section       78  rt_memclr_w.o(.text)
    .text                                    0x0800055e   Section        0  heapauxi.o(.text)
    .text                                    0x08000564   Section       74  sys_stackheap_outer.o(.text)
    .text                                    0x080005ae   Section        0  exit.o(.text)
    .text                                    0x080005c0   Section        8  libspace.o(.text)
    .text                                    0x080005c8   Section        0  sys_exit.o(.text)
    .text                                    0x080005d4   Section        2  use_no_semi.o(.text)
    .text                                    0x080005d6   Section        0  indicate_semi.o(.text)
    i.BusFault_Handler                       0x080005d6   Section        0  stm32f4xx_it.o(i.BusFault_Handler)
    i.DebugMon_Handler                       0x080005da   Section        0  stm32f4xx_it.o(i.DebugMon_Handler)
    i.Error_Handler                          0x080005dc   Section        0  main.o(i.Error_Handler)
    i.HAL_IncTick                            0x080005e4   Section        0  stm32f4xx_hal.o(i.HAL_IncTick)
    i.HAL_Init                               0x080005fc   Section        0  stm32f4xx_hal.o(i.HAL_Init)
    i.HAL_InitTick                           0x08000638   Section        0  stm32f4xx_hal_timebase_tim.o(i.HAL_InitTick)
    i.HAL_MspInit                            0x080006ec   Section        0  stm32f4xx_hal_msp.o(i.HAL_MspInit)
    i.HAL_NVIC_EnableIRQ                     0x08000740   Section        0  stm32f4xx_hal_cortex.o(i.HAL_NVIC_EnableIRQ)
    i.HAL_NVIC_SetPriority                   0x08000760   Section        0  stm32f4xx_hal_cortex.o(i.HAL_NVIC_SetPriority)
    i.HAL_NVIC_SetPriorityGrouping           0x080007dc   Section        0  stm32f4xx_hal_cortex.o(i.HAL_NVIC_SetPriorityGrouping)
    i.HAL_RCC_GetClockConfig                 0x08000804   Section        0  stm32f4xx_hal_rcc.o(i.HAL_RCC_GetClockConfig)
    i.HAL_RCC_GetHCLKFreq                    0x08000848   Section        0  stm32f4xx_hal_rcc.o(i.HAL_RCC_GetHCLKFreq)
    i.HAL_RCC_GetPCLK1Freq                   0x08000854   Section        0  stm32f4xx_hal_rcc.o(i.HAL_RCC_GetPCLK1Freq)
    i.HAL_TIMEx_BreakCallback                0x08000874   Section        0  stm32f4xx_hal_tim_ex.o(i.HAL_TIMEx_BreakCallback)
    i.HAL_TIMEx_CommutCallback               0x08000876   Section        0  stm32f4xx_hal_tim_ex.o(i.HAL_TIMEx_CommutCallback)
    i.HAL_TIM_Base_Init                      0x08000878   Section        0  stm32f4xx_hal_tim.o(i.HAL_TIM_Base_Init)
    i.HAL_TIM_Base_MspInit                   0x080008de   Section        0  stm32f4xx_hal_tim.o(i.HAL_TIM_Base_MspInit)
    i.HAL_TIM_Base_Start_IT                  0x080008e0   Section        0  stm32f4xx_hal_tim.o(i.HAL_TIM_Base_Start_IT)
    i.HAL_TIM_IC_CaptureCallback             0x08000970   Section        0  stm32f4xx_hal_tim.o(i.HAL_TIM_IC_CaptureCallback)
    i.HAL_TIM_IRQHandler                     0x08000972   Section        0  stm32f4xx_hal_tim.o(i.HAL_TIM_IRQHandler)
    i.HAL_TIM_OC_DelayElapsedCallback        0x08000b08   Section        0  stm32f4xx_hal_tim.o(i.HAL_TIM_OC_DelayElapsedCallback)
    i.HAL_TIM_PWM_PulseFinishedCallback      0x08000b0a   Section        0  stm32f4xx_hal_tim.o(i.HAL_TIM_PWM_PulseFinishedCallback)
    i.HAL_TIM_PeriodElapsedCallback          0x08000b0c   Section        0  main.o(i.HAL_TIM_PeriodElapsedCallback)
    i.HAL_TIM_TriggerCallback                0x08000b24   Section        0  stm32f4xx_hal_tim.o(i.HAL_TIM_TriggerCallback)
    i.HardFault_Handler                      0x08000b26   Section        0  stm32f4xx_it.o(i.HardFault_Handler)
    i.LL_AHB1_GRP1_EnableClock               0x08000b2c   Section        0  main.o(i.LL_AHB1_GRP1_EnableClock)
    LL_AHB1_GRP1_EnableClock                 0x08000b2d   Thumb Code    24  main.o(i.LL_AHB1_GRP1_EnableClock)
    i.LL_GPIO_Init                           0x08000b48   Section        0  stm32f4xx_ll_gpio.o(i.LL_GPIO_Init)
    i.LL_RCC_GetSystemClocksFreq             0x08000c80   Section        0  stm32f4xx_ll_rcc.o(i.LL_RCC_GetSystemClocksFreq)
    i.LL_RCC_PLL_GetN                        0x08000ca4   Section        0  stm32f4xx_ll_rcc.o(i.LL_RCC_PLL_GetN)
    LL_RCC_PLL_GetN                          0x08000ca5   Thumb Code    10  stm32f4xx_ll_rcc.o(i.LL_RCC_PLL_GetN)
    i.LL_SetSystemCoreClock                  0x08000cb4   Section        0  stm32f4xx_ll_utils.o(i.LL_SetSystemCoreClock)
    i.LL_USART_ConfigAsyncMode               0x08000cc0   Section        0  main.o(i.LL_USART_ConfigAsyncMode)
    LL_USART_ConfigAsyncMode                 0x08000cc1   Thumb Code    18  main.o(i.LL_USART_ConfigAsyncMode)
    i.LL_USART_Enable                        0x08000cd2   Section        0  main.o(i.LL_USART_Enable)
    LL_USART_Enable                          0x08000cd3   Thumb Code    10  main.o(i.LL_USART_Enable)
    i.LL_USART_EnableIT_RXNE                 0x08000cdc   Section        0  uart_bridge.o(i.LL_USART_EnableIT_RXNE)
    LL_USART_EnableIT_RXNE                   0x08000cdd   Thumb Code    32  uart_bridge.o(i.LL_USART_EnableIT_RXNE)
    i.LL_USART_Init                          0x08000cfc   Section        0  stm32f4xx_ll_usart.o(i.LL_USART_Init)
    i.LL_USART_IsActiveFlag_TXE              0x08000d94   Section        0  uart_bridge.o(i.LL_USART_IsActiveFlag_TXE)
    LL_USART_IsActiveFlag_TXE                0x08000d95   Thumb Code    10  uart_bridge.o(i.LL_USART_IsActiveFlag_TXE)
    i.LL_USART_IsEnabled                     0x08000d9e   Section        0  stm32f4xx_ll_usart.o(i.LL_USART_IsEnabled)
    LL_USART_IsEnabled                       0x08000d9f   Thumb Code    10  stm32f4xx_ll_usart.o(i.LL_USART_IsEnabled)
    i.LL_USART_SetBaudRate                   0x08000da8   Section        0  stm32f4xx_ll_usart.o(i.LL_USART_SetBaudRate)
    LL_USART_SetBaudRate                     0x08000da9   Thumb Code   440  stm32f4xx_ll_usart.o(i.LL_USART_SetBaudRate)
    i.LL_USART_TransmitData8                 0x08000f60   Section        0  uart_bridge.o(i.LL_USART_TransmitData8)
    LL_USART_TransmitData8                   0x08000f61   Thumb Code     4  uart_bridge.o(i.LL_USART_TransmitData8)
    i.MX_GPIO_Init                           0x08000f64   Section        0  main.o(i.MX_GPIO_Init)
    MX_GPIO_Init                             0x08000f65   Thumb Code    10  main.o(i.MX_GPIO_Init)
    i.MX_USART1_UART_Init                    0x08000f70   Section        0  main.o(i.MX_USART1_UART_Init)
    MX_USART1_UART_Init                      0x08000f71   Thumb Code   160  main.o(i.MX_USART1_UART_Init)
    i.MX_USART2_UART_Init                    0x0800101c   Section        0  main.o(i.MX_USART2_UART_Init)
    MX_USART2_UART_Init                      0x0800101d   Thumb Code   160  main.o(i.MX_USART2_UART_Init)
    i.MemManage_Handler                      0x080010c8   Section        0  stm32f4xx_it.o(i.MemManage_Handler)
    i.NMI_Handler                            0x080010cc   Section        0  stm32f4xx_it.o(i.NMI_Handler)
    i.NVIC_EncodePriority                    0x080010d0   Section        0  main.o(i.NVIC_EncodePriority)
    NVIC_EncodePriority                      0x080010d1   Thumb Code    64  main.o(i.NVIC_EncodePriority)
    i.RCC_GetHCLKClockFreq                   0x08001110   Section        0  stm32f4xx_ll_rcc.o(i.RCC_GetHCLKClockFreq)
    i.RCC_GetPCLK1ClockFreq                  0x08001130   Section        0  stm32f4xx_ll_rcc.o(i.RCC_GetPCLK1ClockFreq)
    i.RCC_GetPCLK2ClockFreq                  0x08001154   Section        0  stm32f4xx_ll_rcc.o(i.RCC_GetPCLK2ClockFreq)
    i.RCC_GetSystemClockFreq                 0x08001178   Section        0  stm32f4xx_ll_rcc.o(i.RCC_GetSystemClockFreq)
    i.RCC_PLL_GetFreqDomain_SYS              0x080011bc   Section        0  stm32f4xx_ll_rcc.o(i.RCC_PLL_GetFreqDomain_SYS)
    i.StartUART1_Task                        0x0800122c   Section        0  uart_bridge.o(i.StartUART1_Task)
    i.StartUART2_Task                        0x08001264   Section        0  uart_bridge.o(i.StartUART2_Task)
    i.SysTick_Handler                        0x0800129c   Section        0  port.o(i.SysTick_Handler)
    i.SystemClock_Config                     0x080012d0   Section        0  main.o(i.SystemClock_Config)
    i.SystemInit                             0x08001430   Section        0  system_stm32f4xx.o(i.SystemInit)
    i.TIM5_IRQHandler                        0x08001444   Section        0  stm32f4xx_it.o(i.TIM5_IRQHandler)
    i.TIM_Base_SetConfig                     0x08001454   Section        0  stm32f4xx_hal_tim.o(i.TIM_Base_SetConfig)
    i.UART_Bridge_init                       0x080014f8   Section        0  uart_bridge.o(i.UART_Bridge_init)
    i.USART1_IRQHandler                      0x08001578   Section        0  stm32f4xx_it.o(i.USART1_IRQHandler)
    i.USART1_IRQ_Handler                     0x08001580   Section        0  uart_bridge.o(i.USART1_IRQ_Handler)
    i.USART2_IRQHandler                      0x080015c0   Section        0  stm32f4xx_it.o(i.USART2_IRQHandler)
    i.USART2_IRQ_Handler                     0x080015c8   Section        0  uart_bridge.o(i.USART2_IRQ_Handler)
    i.UsageFault_Handler                     0x08001608   Section        0  stm32f4xx_it.o(i.UsageFault_Handler)
    i.__NVIC_EnableIRQ                       0x0800160c   Section        0  main.o(i.__NVIC_EnableIRQ)
    __NVIC_EnableIRQ                         0x0800160d   Thumb Code    26  main.o(i.__NVIC_EnableIRQ)
    i.__NVIC_GetPriorityGrouping             0x08001628   Section        0  main.o(i.__NVIC_GetPriorityGrouping)
    __NVIC_GetPriorityGrouping               0x08001629   Thumb Code    10  main.o(i.__NVIC_GetPriorityGrouping)
    i.__NVIC_GetPriorityGrouping             0x08001638   Section        0  stm32f4xx_hal_cortex.o(i.__NVIC_GetPriorityGrouping)
    __NVIC_GetPriorityGrouping               0x08001639   Thumb Code    10  stm32f4xx_hal_cortex.o(i.__NVIC_GetPriorityGrouping)
    i.__NVIC_SetPriority                     0x08001648   Section        0  main.o(i.__NVIC_SetPriority)
    __NVIC_SetPriority                       0x08001649   Thumb Code    32  main.o(i.__NVIC_SetPriority)
    i.__NVIC_SetPriority                     0x08001670   Section        0  stm32f4xx_hal_cortex.o(i.__NVIC_SetPriority)
    __NVIC_SetPriority                       0x08001671   Thumb Code    32  stm32f4xx_hal_cortex.o(i.__NVIC_SetPriority)
    i.main                                   0x08001698   Section        0  main.o(i.main)
    i.makeFreeRtosPriority                   0x080016b4   Section        0  cmsis_os.o(i.makeFreeRtosPriority)
    makeFreeRtosPriority                     0x080016b5   Thumb Code    14  cmsis_os.o(i.makeFreeRtosPriority)
    i.osKernelStart                          0x080016c2   Section        0  cmsis_os.o(i.osKernelStart)
    i.osThreadCreate                         0x080016cc   Section        0  cmsis_os.o(i.osThreadCreate)
    i.prvAddCurrentTaskToDelayedList         0x0800172c   Section        0  tasks.o(i.prvAddCurrentTaskToDelayedList)
    prvAddCurrentTaskToDelayedList           0x0800172d   Thumb Code   124  tasks.o(i.prvAddCurrentTaskToDelayedList)
    i.prvAddNewTaskToReadyList               0x080017c4   Section        0  tasks.o(i.prvAddNewTaskToReadyList)
    prvAddNewTaskToReadyList                 0x080017c5   Thumb Code   150  tasks.o(i.prvAddNewTaskToReadyList)
    i.prvCheckTasksWaitingTermination        0x08001878   Section        0  tasks.o(i.prvCheckTasksWaitingTermination)
    prvCheckTasksWaitingTermination          0x08001879   Thumb Code    60  tasks.o(i.prvCheckTasksWaitingTermination)
    i.prvCopyDataFromQueue                   0x080018c0   Section        0  queue.o(i.prvCopyDataFromQueue)
    prvCopyDataFromQueue                     0x080018c1   Thumb Code    42  queue.o(i.prvCopyDataFromQueue)
    i.prvCopyDataToQueue                     0x080018ea   Section        0  queue.o(i.prvCopyDataToQueue)
    prvCopyDataToQueue                       0x080018eb   Thumb Code   126  queue.o(i.prvCopyDataToQueue)
    i.prvDeleteTCB                           0x08001968   Section        0  tasks.o(i.prvDeleteTCB)
    prvDeleteTCB                             0x08001969   Thumb Code    80  tasks.o(i.prvDeleteTCB)
    i.prvHeapInit                            0x080019b8   Section        0  heap_4.o(i.prvHeapInit)
    prvHeapInit                              0x080019b9   Thumb Code    98  heap_4.o(i.prvHeapInit)
    i.prvIdleTask                            0x08001a34   Section        0  tasks.o(i.prvIdleTask)
    prvIdleTask                              0x08001a35   Thumb Code    32  tasks.o(i.prvIdleTask)
    i.prvInitialiseNewQueue                  0x08001a5c   Section        0  queue.o(i.prvInitialiseNewQueue)
    prvInitialiseNewQueue                    0x08001a5d   Thumb Code    38  queue.o(i.prvInitialiseNewQueue)
    i.prvInitialiseNewTask                   0x08001a82   Section        0  tasks.o(i.prvInitialiseNewTask)
    prvInitialiseNewTask                     0x08001a83   Thumb Code   180  tasks.o(i.prvInitialiseNewTask)
    i.prvInitialiseTaskLists                 0x08001b38   Section        0  tasks.o(i.prvInitialiseTaskLists)
    prvInitialiseTaskLists                   0x08001b39   Thumb Code    70  tasks.o(i.prvInitialiseTaskLists)
    i.prvInsertBlockIntoFreeList             0x08001ba0   Section        0  heap_4.o(i.prvInsertBlockIntoFreeList)
    prvInsertBlockIntoFreeList               0x08001ba1   Thumb Code    96  heap_4.o(i.prvInsertBlockIntoFreeList)
    i.prvIsQueueEmpty                        0x08001c08   Section        0  queue.o(i.prvIsQueueEmpty)
    prvIsQueueEmpty                          0x08001c09   Thumb Code    26  queue.o(i.prvIsQueueEmpty)
    i.prvResetNextTaskUnblockTime            0x08001c24   Section        0  tasks.o(i.prvResetNextTaskUnblockTime)
    prvResetNextTaskUnblockTime              0x08001c25   Thumb Code    42  tasks.o(i.prvResetNextTaskUnblockTime)
    i.prvTaskExitError                       0x08001c58   Section        0  port.o(i.prvTaskExitError)
    prvTaskExitError                         0x08001c59   Thumb Code    60  port.o(i.prvTaskExitError)
    i.prvUnlockQueue                         0x08001c98   Section        0  queue.o(i.prvUnlockQueue)
    prvUnlockQueue                           0x08001c99   Thumb Code   126  queue.o(i.prvUnlockQueue)
    i.pvPortMalloc                           0x08001d18   Section        0  heap_4.o(i.pvPortMalloc)
    i.pxPortInitialiseStack                  0x08001e64   Section        0  port.o(i.pxPortInitialiseStack)
    i.uxListRemove                           0x08001e90   Section        0  list.o(i.uxListRemove)
    i.vApplicationGetIdleTaskMemory          0x08001eb8   Section        0  freertos.o(i.vApplicationGetIdleTaskMemory)
    i.vListInitialise                        0x08001ed0   Section        0  list.o(i.vListInitialise)
    i.vListInitialiseItem                    0x08001eea   Section        0  list.o(i.vListInitialiseItem)
    i.vListInsert                            0x08001ef0   Section        0  list.o(i.vListInsert)
    i.vListInsertEnd                         0x08001f24   Section        0  list.o(i.vListInsertEnd)
    i.vPortEnterCritical                     0x08001f3c   Section        0  port.o(i.vPortEnterCritical)
    i.vPortExitCritical                      0x08001f90   Section        0  port.o(i.vPortExitCritical)
    i.vPortFree                              0x08001fcc   Section        0  heap_4.o(i.vPortFree)
    i.vPortSetupTimerInterrupt               0x08002070   Section        0  port.o(i.vPortSetupTimerInterrupt)
    i.vPortValidateInterruptPriority         0x08002098   Section        0  port.o(i.vPortValidateInterruptPriority)
    i.vTaskInternalSetTimeOutState           0x08002110   Section        0  tasks.o(i.vTaskInternalSetTimeOutState)
    i.vTaskMissedYield                       0x08002128   Section        0  tasks.o(i.vTaskMissedYield)
    i.vTaskPlaceOnEventList                  0x08002134   Section        0  tasks.o(i.vTaskPlaceOnEventList)
    i.vTaskStartScheduler                    0x0800216c   Section        0  tasks.o(i.vTaskStartScheduler)
    i.vTaskSuspendAll                        0x0800221c   Section        0  tasks.o(i.vTaskSuspendAll)
    i.vTaskSwitchContext                     0x0800222c   Section        0  tasks.o(i.vTaskSwitchContext)
    i.xPortStartScheduler                    0x080022b8   Section        0  port.o(i.xPortStartScheduler)
    i.xQueueGenericCreate                    0x08002420   Section        0  queue.o(i.xQueueGenericCreate)
    i.xQueueGenericReset                     0x0800247c   Section        0  queue.o(i.xQueueGenericReset)
    i.xQueueGenericSendFromISR               0x08002514   Section        0  queue.o(i.xQueueGenericSendFromISR)
    i.xQueueReceive                          0x08002610   Section        0  queue.o(i.xQueueReceive)
    i.xTaskCheckForTimeOut                   0x08002778   Section        0  tasks.o(i.xTaskCheckForTimeOut)
    i.xTaskCreate                            0x08002804   Section        0  tasks.o(i.xTaskCreate)
    i.xTaskCreateStatic                      0x08002868   Section        0  tasks.o(i.xTaskCreateStatic)
    i.xTaskGetSchedulerState                 0x08002924   Section        0  tasks.o(i.xTaskGetSchedulerState)
    i.xTaskIncrementTick                     0x08002944   Section        0  tasks.o(i.xTaskIncrementTick)
    i.xTaskPriorityDisinherit                0x08002a8c   Section        0  tasks.o(i.xTaskPriorityDisinherit)
    i.xTaskRemoveFromEventList               0x08002b54   Section        0  tasks.o(i.xTaskRemoveFromEventList)
    i.xTaskResumeAll                         0x08002bec   Section        0  tasks.o(i.xTaskResumeAll)
    x$fpl$fpinit                             0x08002cf0   Section       10  fpinit.o(x$fpl$fpinit)
    $v0                                      0x08002cf0   Number         0  fpinit.o(x$fpl$fpinit)
    .constdata                               0x08002cfc   Section       64  uart_bridge.o(.constdata)
    STREAM_OFFSET_TAB                        0x08002cfc   Data           8  uart_bridge.o(.constdata)
    .constdata                               0x08002d3c   Section       24  system_stm32f4xx.o(.constdata)
    .conststring                             0x08002d54   Section       23  uart_bridge.o(.conststring)
    .data                                    0x20000000   Section       16  uart_bridge.o(.data)
    .data                                    0x20000010   Section        9  stm32f4xx_hal.o(.data)
    .data                                    0x2000001c   Section        4  system_stm32f4xx.o(.data)
    .data                                    0x20000020   Section       60  tasks.o(.data)
    pxDelayedTaskList                        0x20000024   Data           4  tasks.o(.data)
    pxOverflowDelayedTaskList                0x20000028   Data           4  tasks.o(.data)
    uxDeletedTasksWaitingCleanUp             0x2000002c   Data           4  tasks.o(.data)
    uxCurrentNumberOfTasks                   0x20000030   Data           4  tasks.o(.data)
    xTickCount                               0x20000034   Data           4  tasks.o(.data)
    uxTopReadyPriority                       0x20000038   Data           4  tasks.o(.data)
    xSchedulerRunning                        0x2000003c   Data           4  tasks.o(.data)
    xPendedTicks                             0x20000040   Data           4  tasks.o(.data)
    xYieldPending                            0x20000044   Data           4  tasks.o(.data)
    xNumOfOverflows                          0x20000048   Data           4  tasks.o(.data)
    uxTaskNumber                             0x2000004c   Data           4  tasks.o(.data)
    xNextTaskUnblockTime                     0x20000050   Data           4  tasks.o(.data)
    xIdleTaskHandle                          0x20000054   Data           4  tasks.o(.data)
    uxSchedulerSuspended                     0x20000058   Data           4  tasks.o(.data)
    .data                                    0x2000005c   Section       32  heap_4.o(.data)
    xStart                                   0x2000005c   Data           8  heap_4.o(.data)
    pxEnd                                    0x20000064   Data           4  heap_4.o(.data)
    xFreeBytesRemaining                      0x20000068   Data           4  heap_4.o(.data)
    xMinimumEverFreeBytesRemaining           0x2000006c   Data           4  heap_4.o(.data)
    xNumberOfSuccessfulAllocations           0x20000070   Data           4  heap_4.o(.data)
    xNumberOfSuccessfulFrees                 0x20000074   Data           4  heap_4.o(.data)
    xBlockAllocatedBit                       0x20000078   Data           4  heap_4.o(.data)
    .data                                    0x2000007c   Section       12  port.o(.data)
    uxCriticalNesting                        0x2000007c   Data           4  port.o(.data)
    ucMaxSysCallPriority                     0x20000080   Data           1  port.o(.data)
    ulMaxPRIGROUPValue                       0x20000084   Data           4  port.o(.data)
    .bss                                     0x20000088   Section      596  freertos.o(.bss)
    xIdleTaskTCBBuffer                       0x20000088   Data          84  freertos.o(.bss)
    xIdleStack                               0x200000dc   Data         512  freertos.o(.bss)
    .bss                                     0x200002dc   Section       72  stm32f4xx_hal_timebase_tim.o(.bss)
    .bss                                     0x20000324   Section      240  tasks.o(.bss)
    pxReadyTasksLists                        0x20000324   Data         140  tasks.o(.bss)
    xDelayedTaskList1                        0x200003b0   Data          20  tasks.o(.bss)
    xDelayedTaskList2                        0x200003c4   Data          20  tasks.o(.bss)
    xPendingReadyList                        0x200003d8   Data          20  tasks.o(.bss)
    xTasksWaitingTermination                 0x200003ec   Data          20  tasks.o(.bss)
    xSuspendedTaskList                       0x20000400   Data          20  tasks.o(.bss)
    .bss                                     0x20000414   Section    15360  heap_4.o(.bss)
    ucHeap                                   0x20000414   Data       15360  heap_4.o(.bss)
    .bss                                     0x20004014   Section       96  libspace.o(.bss)
    HEAP                                     0x20004078   Section      512  startup_stm32f401xc.o(HEAP)
    Heap_Mem                                 0x20004078   Data         512  startup_stm32f401xc.o(HEAP)
    STACK                                    0x20004278   Section     1024  startup_stm32f401xc.o(STACK)
    Stack_Mem                                0x20004278   Data        1024  startup_stm32f401xc.o(STACK)
    __initial_sp                             0x20004678   Data           0  startup_stm32f401xc.o(STACK)

    Global Symbols

    Symbol Name                              Value     Ov Type        Size  Object(Section)

    BuildAttributes$$THM_ISAv4$E$P$D$K$B$S$7EM$VFPi3$EXTD16$VFPS$VFMA$PE$A:L22UL41UL21$X:L11$S22US41US21$IEEE1$IW$USESV6$~STKCKD$USESV7$~SHL$OSPACE$ROPI$EBA8$UX$STANDARDLIB$REQ8$PRES8$EABIv2 0x00000000   Number         0  anon$$obj.o ABSOLUTE
    __ARM_use_no_argv                        0x00000000   Number         0  main.o ABSOLUTE
    __ARM_exceptions_init                     - Undefined Weak Reference
    __alloca_initialize                       - Undefined Weak Reference
    __arm_fini_                               - Undefined Weak Reference
    __arm_preinit_                            - Undefined Weak Reference
    __cpp_initialize__aeabi_                  - Undefined Weak Reference
    __cxa_finalize                            - Undefined Weak Reference
    __rt_locale                               - Undefined Weak Reference
    __sigvec_lookup                           - Undefined Weak Reference
    _atexit_init                              - Undefined Weak Reference
    _call_atexit_fns                          - Undefined Weak Reference
    _clock_init                               - Undefined Weak Reference
    _fp_trap_init                             - Undefined Weak Reference
    _fp_trap_shutdown                         - Undefined Weak Reference
    _get_lc_collate                           - Undefined Weak Reference
    _get_lc_ctype                             - Undefined Weak Reference
    _get_lc_monetary                          - Undefined Weak Reference
    _get_lc_numeric                           - Undefined Weak Reference
    _get_lc_time                              - Undefined Weak Reference
    _getenv_init                              - Undefined Weak Reference
    _handle_redirection                       - Undefined Weak Reference
    _init_alloc                               - Undefined Weak Reference
    _init_user_alloc                          - Undefined Weak Reference
    _initio                                   - Undefined Weak Reference
    _rand_init                                - Undefined Weak Reference
    _signal_finish                            - Undefined Weak Reference
    _signal_init                              - Undefined Weak Reference
    _terminate_alloc                          - Undefined Weak Reference
    _terminate_user_alloc                     - Undefined Weak Reference
    _terminateio                              - Undefined Weak Reference
    __Vectors_Size                           0x00000194   Number         0  startup_stm32f401xc.o ABSOLUTE
    __Vectors                                0x08000000   Data           4  startup_stm32f401xc.o(RESET)
    __Vectors_End                            0x08000194   Data           0  startup_stm32f401xc.o(RESET)
    __main                                   0x08000195   Thumb Code     8  __main.o(!!!main)
    __scatterload                            0x0800019d   Thumb Code     0  __scatter.o(!!!scatter)
    __scatterload_rt2                        0x0800019d   Thumb Code    44  __scatter.o(!!!scatter)
    __scatterload_rt2_thumb_only             0x0800019d   Thumb Code     0  __scatter.o(!!!scatter)
    __scatterload_null                       0x080001ab   Thumb Code     0  __scatter.o(!!!scatter)
    __scatterload_copy                       0x080001d1   Thumb Code    26  __scatter_copy.o(!!handler_copy)
    __scatterload_zeroinit                   0x080001ed   Thumb Code    28  __scatter_zi.o(!!handler_zi)
    __rt_lib_init                            0x08000209   Thumb Code     0  libinit.o(.ARM.Collect$$libinit$$00000000)
    __rt_lib_init_fp_1                       0x0800020b   Thumb Code     0  libinit2.o(.ARM.Collect$$libinit$$00000001)
    __rt_lib_init_alloca_1                   0x0800020f   Thumb Code     0  libinit2.o(.ARM.Collect$$libinit$$0000002E)
    __rt_lib_init_argv_1                     0x0800020f   Thumb Code     0  libinit2.o(.ARM.Collect$$libinit$$0000002C)
    __rt_lib_init_atexit_1                   0x0800020f   Thumb Code     0  libinit2.o(.ARM.Collect$$libinit$$0000001B)
    __rt_lib_init_clock_1                    0x0800020f   Thumb Code     0  libinit2.o(.ARM.Collect$$libinit$$00000021)
    __rt_lib_init_cpp_1                      0x0800020f   Thumb Code     0  libinit2.o(.ARM.Collect$$libinit$$00000032)
    __rt_lib_init_exceptions_1               0x0800020f   Thumb Code     0  libinit2.o(.ARM.Collect$$libinit$$00000030)
    __rt_lib_init_fp_trap_1                  0x0800020f   Thumb Code     0  libinit2.o(.ARM.Collect$$libinit$$0000001F)
    __rt_lib_init_getenv_1                   0x0800020f   Thumb Code     0  libinit2.o(.ARM.Collect$$libinit$$00000023)
    __rt_lib_init_heap_1                     0x0800020f   Thumb Code     0  libinit2.o(.ARM.Collect$$libinit$$0000000A)
    __rt_lib_init_lc_collate_1               0x0800020f   Thumb Code     0  libinit2.o(.ARM.Collect$$libinit$$00000011)
    __rt_lib_init_lc_ctype_1                 0x0800020f   Thumb Code     0  libinit2.o(.ARM.Collect$$libinit$$00000013)
    __rt_lib_init_lc_monetary_1              0x0800020f   Thumb Code     0  libinit2.o(.ARM.Collect$$libinit$$00000015)
    __rt_lib_init_lc_numeric_1               0x0800020f   Thumb Code     0  libinit2.o(.ARM.Collect$$libinit$$00000017)
    __rt_lib_init_lc_time_1                  0x0800020f   Thumb Code     0  libinit2.o(.ARM.Collect$$libinit$$00000019)
    __rt_lib_init_preinit_1                  0x0800020f   Thumb Code     0  libinit2.o(.ARM.Collect$$libinit$$00000004)
    __rt_lib_init_rand_1                     0x0800020f   Thumb Code     0  libinit2.o(.ARM.Collect$$libinit$$0000000E)
    __rt_lib_init_return                     0x0800020f   Thumb Code     0  libinit2.o(.ARM.Collect$$libinit$$00000033)
    __rt_lib_init_signal_1                   0x0800020f   Thumb Code     0  libinit2.o(.ARM.Collect$$libinit$$0000001D)
    __rt_lib_init_stdio_1                    0x0800020f   Thumb Code     0  libinit2.o(.ARM.Collect$$libinit$$00000025)
    __rt_lib_init_user_alloc_1               0x0800020f   Thumb Code     0  libinit2.o(.ARM.Collect$$libinit$$0000000C)
    __rt_lib_shutdown                        0x08000211   Thumb Code     0  libshutdown.o(.ARM.Collect$$libshutdown$$00000000)
    __rt_lib_shutdown_cpp_1                  0x08000213   Thumb Code     0  libshutdown2.o(.ARM.Collect$$libshutdown$$00000004)
    __rt_lib_shutdown_fini_1                 0x08000213   Thumb Code     0  libshutdown2.o(.ARM.Collect$$libshutdown$$00000002)
    __rt_lib_shutdown_fp_trap_1              0x08000213   Thumb Code     0  libshutdown2.o(.ARM.Collect$$libshutdown$$00000009)
    __rt_lib_shutdown_heap_1                 0x08000213   Thumb Code     0  libshutdown2.o(.ARM.Collect$$libshutdown$$00000011)
    __rt_lib_shutdown_return                 0x08000213   Thumb Code     0  libshutdown2.o(.ARM.Collect$$libshutdown$$00000012)
    __rt_lib_shutdown_signal_1               0x08000213   Thumb Code     0  libshutdown2.o(.ARM.Collect$$libshutdown$$0000000C)
    __rt_lib_shutdown_stdio_1                0x08000213   Thumb Code     0  libshutdown2.o(.ARM.Collect$$libshutdown$$00000006)
    __rt_lib_shutdown_user_alloc_1           0x08000213   Thumb Code     0  libshutdown2.o(.ARM.Collect$$libshutdown$$0000000E)
    __rt_entry                               0x08000215   Thumb Code     0  __rtentry.o(.ARM.Collect$$rtentry$$00000000)
    __rt_entry_presh_1                       0x08000215   Thumb Code     0  __rtentry2.o(.ARM.Collect$$rtentry$$00000002)
    __rt_entry_sh                            0x08000215   Thumb Code     0  __rtentry4.o(.ARM.Collect$$rtentry$$00000004)
    __rt_entry_li                            0x0800021b   Thumb Code     0  __rtentry2.o(.ARM.Collect$$rtentry$$0000000A)
    __rt_entry_postsh_1                      0x0800021b   Thumb Code     0  __rtentry2.o(.ARM.Collect$$rtentry$$00000009)
    __rt_entry_main                          0x0800021f   Thumb Code     0  __rtentry2.o(.ARM.Collect$$rtentry$$0000000D)
    __rt_entry_postli_1                      0x0800021f   Thumb Code     0  __rtentry2.o(.ARM.Collect$$rtentry$$0000000C)
    __rt_exit                                0x08000227   Thumb Code     0  rtexit.o(.ARM.Collect$$rtexit$$00000000)
    __rt_exit_ls                             0x08000229   Thumb Code     0  rtexit2.o(.ARM.Collect$$rtexit$$00000003)
    __rt_exit_prels_1                        0x08000229   Thumb Code     0  rtexit2.o(.ARM.Collect$$rtexit$$00000002)
    __rt_exit_exit                           0x0800022d   Thumb Code     0  rtexit2.o(.ARM.Collect$$rtexit$$00000004)
    SVC_Handler                              0x08000235   Thumb Code    28  port.o(.emb_text)
    __asm___6_port_c_39a90d8d__prvStartFirstTask 0x08000255   Thumb Code    36  port.o(.emb_text)
    __asm___6_port_c_39a90d8d__prvEnableVFP  0x0800027d   Thumb Code    16  port.o(.emb_text)
    PendSV_Handler                           0x08000291   Thumb Code    88  port.o(.emb_text)
    vPortGetIPSR                             0x080002ed   Thumb Code     6  port.o(.emb_text)
    Reset_Handler                            0x080002f5   Thumb Code     8  startup_stm32f401xc.o(.text)
    ADC_IRQHandler                           0x0800030f   Thumb Code     0  startup_stm32f401xc.o(.text)
    DMA1_Stream0_IRQHandler                  0x0800030f   Thumb Code     0  startup_stm32f401xc.o(.text)
    DMA1_Stream1_IRQHandler                  0x0800030f   Thumb Code     0  startup_stm32f401xc.o(.text)
    DMA1_Stream2_IRQHandler                  0x0800030f   Thumb Code     0  startup_stm32f401xc.o(.text)
    DMA1_Stream3_IRQHandler                  0x0800030f   Thumb Code     0  startup_stm32f401xc.o(.text)
    DMA1_Stream4_IRQHandler                  0x0800030f   Thumb Code     0  startup_stm32f401xc.o(.text)
    DMA1_Stream5_IRQHandler                  0x0800030f   Thumb Code     0  startup_stm32f401xc.o(.text)
    DMA1_Stream6_IRQHandler                  0x0800030f   Thumb Code     0  startup_stm32f401xc.o(.text)
    DMA1_Stream7_IRQHandler                  0x0800030f   Thumb Code     0  startup_stm32f401xc.o(.text)
    DMA2_Stream0_IRQHandler                  0x0800030f   Thumb Code     0  startup_stm32f401xc.o(.text)
    DMA2_Stream1_IRQHandler                  0x0800030f   Thumb Code     0  startup_stm32f401xc.o(.text)
    DMA2_Stream2_IRQHandler                  0x0800030f   Thumb Code     0  startup_stm32f401xc.o(.text)
    DMA2_Stream3_IRQHandler                  0x0800030f   Thumb Code     0  startup_stm32f401xc.o(.text)
    DMA2_Stream4_IRQHandler                  0x0800030f   Thumb Code     0  startup_stm32f401xc.o(.text)
    DMA2_Stream5_IRQHandler                  0x0800030f   Thumb Code     0  startup_stm32f401xc.o(.text)
    DMA2_Stream6_IRQHandler                  0x0800030f   Thumb Code     0  startup_stm32f401xc.o(.text)
    DMA2_Stream7_IRQHandler                  0x0800030f   Thumb Code     0  startup_stm32f401xc.o(.text)
    EXTI0_IRQHandler                         0x0800030f   Thumb Code     0  startup_stm32f401xc.o(.text)
    EXTI15_10_IRQHandler                     0x0800030f   Thumb Code     0  startup_stm32f401xc.o(.text)
    EXTI1_IRQHandler                         0x0800030f   Thumb Code     0  startup_stm32f401xc.o(.text)
    EXTI2_IRQHandler                         0x0800030f   Thumb Code     0  startup_stm32f401xc.o(.text)
    EXTI3_IRQHandler                         0x0800030f   Thumb Code     0  startup_stm32f401xc.o(.text)
    EXTI4_IRQHandler                         0x0800030f   Thumb Code     0  startup_stm32f401xc.o(.text)
    EXTI9_5_IRQHandler                       0x0800030f   Thumb Code     0  startup_stm32f401xc.o(.text)
    FLASH_IRQHandler                         0x0800030f   Thumb Code     0  startup_stm32f401xc.o(.text)
    FPU_IRQHandler                           0x0800030f   Thumb Code     0  startup_stm32f401xc.o(.text)
    I2C1_ER_IRQHandler                       0x0800030f   Thumb Code     0  startup_stm32f401xc.o(.text)
    I2C1_EV_IRQHandler                       0x0800030f   Thumb Code     0  startup_stm32f401xc.o(.text)
    I2C2_ER_IRQHandler                       0x0800030f   Thumb Code     0  startup_stm32f401xc.o(.text)
    I2C2_EV_IRQHandler                       0x0800030f   Thumb Code     0  startup_stm32f401xc.o(.text)
    I2C3_ER_IRQHandler                       0x0800030f   Thumb Code     0  startup_stm32f401xc.o(.text)
    I2C3_EV_IRQHandler                       0x0800030f   Thumb Code     0  startup_stm32f401xc.o(.text)
    OTG_FS_IRQHandler                        0x0800030f   Thumb Code     0  startup_stm32f401xc.o(.text)
    OTG_FS_WKUP_IRQHandler                   0x0800030f   Thumb Code     0  startup_stm32f401xc.o(.text)
    PVD_IRQHandler                           0x0800030f   Thumb Code     0  startup_stm32f401xc.o(.text)
    RCC_IRQHandler                           0x0800030f   Thumb Code     0  startup_stm32f401xc.o(.text)
    RTC_Alarm_IRQHandler                     0x0800030f   Thumb Code     0  startup_stm32f401xc.o(.text)
    RTC_WKUP_IRQHandler                      0x0800030f   Thumb Code     0  startup_stm32f401xc.o(.text)
    SDIO_IRQHandler                          0x0800030f   Thumb Code     0  startup_stm32f401xc.o(.text)
    SPI1_IRQHandler                          0x0800030f   Thumb Code     0  startup_stm32f401xc.o(.text)
    SPI2_IRQHandler                          0x0800030f   Thumb Code     0  startup_stm32f401xc.o(.text)
    SPI3_IRQHandler                          0x0800030f   Thumb Code     0  startup_stm32f401xc.o(.text)
    SPI4_IRQHandler                          0x0800030f   Thumb Code     0  startup_stm32f401xc.o(.text)
    TAMP_STAMP_IRQHandler                    0x0800030f   Thumb Code     0  startup_stm32f401xc.o(.text)
    TIM1_BRK_TIM9_IRQHandler                 0x0800030f   Thumb Code     0  startup_stm32f401xc.o(.text)
    TIM1_CC_IRQHandler                       0x0800030f   Thumb Code     0  startup_stm32f401xc.o(.text)
    TIM1_TRG_COM_TIM11_IRQHandler            0x0800030f   Thumb Code     0  startup_stm32f401xc.o(.text)
    TIM1_UP_TIM10_IRQHandler                 0x0800030f   Thumb Code     0  startup_stm32f401xc.o(.text)
    TIM2_IRQHandler                          0x0800030f   Thumb Code     0  startup_stm32f401xc.o(.text)
    TIM3_IRQHandler                          0x0800030f   Thumb Code     0  startup_stm32f401xc.o(.text)
    TIM4_IRQHandler                          0x0800030f   Thumb Code     0  startup_stm32f401xc.o(.text)
    USART6_IRQHandler                        0x0800030f   Thumb Code     0  startup_stm32f401xc.o(.text)
    WWDG_IRQHandler                          0x0800030f   Thumb Code     0  startup_stm32f401xc.o(.text)
    __user_initial_stackheap                 0x08000311   Thumb Code     0  startup_stm32f401xc.o(.text)
    __aeabi_uldivmod                         0x08000335   Thumb Code     0  lludivv7m.o(.text)
    _ll_udiv                                 0x08000335   Thumb Code   238  lludivv7m.o(.text)
    __aeabi_memcpy                           0x08000423   Thumb Code     0  rt_memcpy_v6.o(.text)
    __rt_memcpy                              0x08000423   Thumb Code   138  rt_memcpy_v6.o(.text)
    _memcpy_lastbytes                        0x08000489   Thumb Code     0  rt_memcpy_v6.o(.text)
    __aeabi_memcpy4                          0x080004ad   Thumb Code     0  rt_memcpy_w.o(.text)
    __aeabi_memcpy8                          0x080004ad   Thumb Code     0  rt_memcpy_w.o(.text)
    __rt_memcpy_w                            0x080004ad   Thumb Code   100  rt_memcpy_w.o(.text)
    _memcpy_lastbytes_aligned                0x080004f5   Thumb Code     0  rt_memcpy_w.o(.text)
    __aeabi_memclr4                          0x08000511   Thumb Code     0  rt_memclr_w.o(.text)
    __aeabi_memclr8                          0x08000511   Thumb Code     0  rt_memclr_w.o(.text)
    __rt_memclr_w                            0x08000511   Thumb Code    78  rt_memclr_w.o(.text)
    _memset_w                                0x08000515   Thumb Code     0  rt_memclr_w.o(.text)
    __use_two_region_memory                  0x0800055f   Thumb Code     2  heapauxi.o(.text)
    __rt_heap_escrow$2region                 0x08000561   Thumb Code     2  heapauxi.o(.text)
    __rt_heap_expand$2region                 0x08000563   Thumb Code     2  heapauxi.o(.text)
    __user_setup_stackheap                   0x08000565   Thumb Code    74  sys_stackheap_outer.o(.text)
    exit                                     0x080005af   Thumb Code    18  exit.o(.text)
    __user_libspace                          0x080005c1   Thumb Code     8  libspace.o(.text)
    __user_perproc_libspace                  0x080005c1   Thumb Code     0  libspace.o(.text)
    __user_perthread_libspace                0x080005c1   Thumb Code     0  libspace.o(.text)
    _sys_exit                                0x080005c9   Thumb Code     8  sys_exit.o(.text)
    __I$use$semihosting                      0x080005d5   Thumb Code     0  use_no_semi.o(.text)
    __use_no_semihosting_swi                 0x080005d5   Thumb Code     2  use_no_semi.o(.text)
    BusFault_Handler                         0x080005d7   Thumb Code     4  stm32f4xx_it.o(i.BusFault_Handler)
    __semihosting_library_function           0x080005d7   Thumb Code     0  indicate_semi.o(.text)
    DebugMon_Handler                         0x080005db   Thumb Code     2  stm32f4xx_it.o(i.DebugMon_Handler)
    Error_Handler                            0x080005dd   Thumb Code     6  main.o(i.Error_Handler)
    HAL_IncTick                              0x080005e5   Thumb Code    16  stm32f4xx_hal.o(i.HAL_IncTick)
    HAL_Init                                 0x080005fd   Thumb Code    54  stm32f4xx_hal.o(i.HAL_Init)
    HAL_InitTick                             0x08000639   Thumb Code   160  stm32f4xx_hal_timebase_tim.o(i.HAL_InitTick)
    HAL_MspInit                              0x080006ed   Thumb Code    78  stm32f4xx_hal_msp.o(i.HAL_MspInit)
    HAL_NVIC_EnableIRQ                       0x08000741   Thumb Code    32  stm32f4xx_hal_cortex.o(i.HAL_NVIC_EnableIRQ)
    HAL_NVIC_SetPriority                     0x08000761   Thumb Code   124  stm32f4xx_hal_cortex.o(i.HAL_NVIC_SetPriority)
    HAL_NVIC_SetPriorityGrouping             0x080007dd   Thumb Code    32  stm32f4xx_hal_cortex.o(i.HAL_NVIC_SetPriorityGrouping)
    HAL_RCC_GetClockConfig                   0x08000805   Thumb Code    58  stm32f4xx_hal_rcc.o(i.HAL_RCC_GetClockConfig)
    HAL_RCC_GetHCLKFreq                      0x08000849   Thumb Code     6  stm32f4xx_hal_rcc.o(i.HAL_RCC_GetHCLKFreq)
    HAL_RCC_GetPCLK1Freq                     0x08000855   Thumb Code    22  stm32f4xx_hal_rcc.o(i.HAL_RCC_GetPCLK1Freq)
    HAL_TIMEx_BreakCallback                  0x08000875   Thumb Code     2  stm32f4xx_hal_tim_ex.o(i.HAL_TIMEx_BreakCallback)
    HAL_TIMEx_CommutCallback                 0x08000877   Thumb Code     2  stm32f4xx_hal_tim_ex.o(i.HAL_TIMEx_CommutCallback)
    HAL_TIM_Base_Init                        0x08000879   Thumb Code   102  stm32f4xx_hal_tim.o(i.HAL_TIM_Base_Init)
    HAL_TIM_Base_MspInit                     0x080008df   Thumb Code     2  stm32f4xx_hal_tim.o(i.HAL_TIM_Base_MspInit)
    HAL_TIM_Base_Start_IT                    0x080008e1   Thumb Code   122  stm32f4xx_hal_tim.o(i.HAL_TIM_Base_Start_IT)
    HAL_TIM_IC_CaptureCallback               0x08000971   Thumb Code     2  stm32f4xx_hal_tim.o(i.HAL_TIM_IC_CaptureCallback)
    HAL_TIM_IRQHandler                       0x08000973   Thumb Code   406  stm32f4xx_hal_tim.o(i.HAL_TIM_IRQHandler)
    HAL_TIM_OC_DelayElapsedCallback          0x08000b09   Thumb Code     2  stm32f4xx_hal_tim.o(i.HAL_TIM_OC_DelayElapsedCallback)
    HAL_TIM_PWM_PulseFinishedCallback        0x08000b0b   Thumb Code     2  stm32f4xx_hal_tim.o(i.HAL_TIM_PWM_PulseFinishedCallback)
    HAL_TIM_PeriodElapsedCallback            0x08000b0d   Thumb Code    18  main.o(i.HAL_TIM_PeriodElapsedCallback)
    HAL_TIM_TriggerCallback                  0x08000b25   Thumb Code     2  stm32f4xx_hal_tim.o(i.HAL_TIM_TriggerCallback)
    HardFault_Handler                        0x08000b27   Thumb Code     4  stm32f4xx_it.o(i.HardFault_Handler)
    LL_GPIO_Init                             0x08000b49   Thumb Code   312  stm32f4xx_ll_gpio.o(i.LL_GPIO_Init)
    LL_RCC_GetSystemClocksFreq               0x08000c81   Thumb Code    36  stm32f4xx_ll_rcc.o(i.LL_RCC_GetSystemClocksFreq)
    LL_SetSystemCoreClock                    0x08000cb5   Thumb Code     6  stm32f4xx_ll_utils.o(i.LL_SetSystemCoreClock)
    LL_USART_Init                            0x08000cfd   Thumb Code   140  stm32f4xx_ll_usart.o(i.LL_USART_Init)
    MemManage_Handler                        0x080010c9   Thumb Code     4  stm32f4xx_it.o(i.MemManage_Handler)
    NMI_Handler                              0x080010cd   Thumb Code     4  stm32f4xx_it.o(i.NMI_Handler)
    RCC_GetHCLKClockFreq                     0x08001111   Thumb Code    24  stm32f4xx_ll_rcc.o(i.RCC_GetHCLKClockFreq)
    RCC_GetPCLK1ClockFreq                    0x08001131   Thumb Code    26  stm32f4xx_ll_rcc.o(i.RCC_GetPCLK1ClockFreq)
    RCC_GetPCLK2ClockFreq                    0x08001155   Thumb Code    26  stm32f4xx_ll_rcc.o(i.RCC_GetPCLK2ClockFreq)
    RCC_GetSystemClockFreq                   0x08001179   Thumb Code    54  stm32f4xx_ll_rcc.o(i.RCC_GetSystemClockFreq)
    RCC_PLL_GetFreqDomain_SYS                0x080011bd   Thumb Code   100  stm32f4xx_ll_rcc.o(i.RCC_PLL_GetFreqDomain_SYS)
    StartUART1_Task                          0x0800122d   Thumb Code    46  uart_bridge.o(i.StartUART1_Task)
    StartUART2_Task                          0x08001265   Thumb Code    46  uart_bridge.o(i.StartUART2_Task)
    SysTick_Handler                          0x0800129d   Thumb Code    46  port.o(i.SysTick_Handler)
    SystemClock_Config                       0x080012d1   Thumb Code   332  main.o(i.SystemClock_Config)
    SystemInit                               0x08001431   Thumb Code    14  system_stm32f4xx.o(i.SystemInit)
    TIM5_IRQHandler                          0x08001445   Thumb Code    10  stm32f4xx_it.o(i.TIM5_IRQHandler)
    TIM_Base_SetConfig                       0x08001455   Thumb Code   134  stm32f4xx_hal_tim.o(i.TIM_Base_SetConfig)
    UART_Bridge_init                         0x080014f9   Thumb Code    98  uart_bridge.o(i.UART_Bridge_init)
    USART1_IRQHandler                        0x08001579   Thumb Code     8  stm32f4xx_it.o(i.USART1_IRQHandler)
    USART1_IRQ_Handler                       0x08001581   Thumb Code    52  uart_bridge.o(i.USART1_IRQ_Handler)
    USART2_IRQHandler                        0x080015c1   Thumb Code     8  stm32f4xx_it.o(i.USART2_IRQHandler)
    USART2_IRQ_Handler                       0x080015c9   Thumb Code    52  uart_bridge.o(i.USART2_IRQ_Handler)
    UsageFault_Handler                       0x08001609   Thumb Code     4  stm32f4xx_it.o(i.UsageFault_Handler)
    main                                     0x08001699   Thumb Code    28  main.o(i.main)
    osKernelStart                            0x080016c3   Thumb Code    10  cmsis_os.o(i.osKernelStart)
    osThreadCreate                           0x080016cd   Thumb Code    94  cmsis_os.o(i.osThreadCreate)
    pvPortMalloc                             0x08001d19   Thumb Code   306  heap_4.o(i.pvPortMalloc)
    pxPortInitialiseStack                    0x08001e65   Thumb Code    38  port.o(i.pxPortInitialiseStack)
    uxListRemove                             0x08001e91   Thumb Code    40  list.o(i.uxListRemove)
    vApplicationGetIdleTaskMemory            0x08001eb9   Thumb Code    14  freertos.o(i.vApplicationGetIdleTaskMemory)
    vListInitialise                          0x08001ed1   Thumb Code    26  list.o(i.vListInitialise)
    vListInitialiseItem                      0x08001eeb   Thumb Code     6  list.o(i.vListInitialiseItem)
    vListInsert                              0x08001ef1   Thumb Code    52  list.o(i.vListInsert)
    vListInsertEnd                           0x08001f25   Thumb Code    24  list.o(i.vListInsertEnd)
    vPortEnterCritical                       0x08001f3d   Thumb Code    76  port.o(i.vPortEnterCritical)
    vPortExitCritical                        0x08001f91   Thumb Code    56  port.o(i.vPortExitCritical)
    vPortFree                                0x08001fcd   Thumb Code   150  heap_4.o(i.vPortFree)
    vPortSetupTimerInterrupt                 0x08002071   Thumb Code    36  port.o(i.vPortSetupTimerInterrupt)
    vPortValidateInterruptPriority           0x08002099   Thumb Code   106  port.o(i.vPortValidateInterruptPriority)
    vTaskInternalSetTimeOutState             0x08002111   Thumb Code    14  tasks.o(i.vTaskInternalSetTimeOutState)
    vTaskMissedYield                         0x08002129   Thumb Code     8  tasks.o(i.vTaskMissedYield)
    vTaskPlaceOnEventList                    0x08002135   Thumb Code    52  tasks.o(i.vTaskPlaceOnEventList)
    vTaskStartScheduler                      0x0800216d   Thumb Code   146  tasks.o(i.vTaskStartScheduler)
    vTaskSuspendAll                          0x0800221d   Thumb Code    12  tasks.o(i.vTaskSuspendAll)
    vTaskSwitchContext                       0x0800222d   Thumb Code   118  tasks.o(i.vTaskSwitchContext)
    xPortStartScheduler                      0x080022b9   Thumb Code   330  port.o(i.xPortStartScheduler)
    xQueueGenericCreate                      0x08002421   Thumb Code    90  queue.o(i.xQueueGenericCreate)
    xQueueGenericReset                       0x0800247d   Thumb Code   146  queue.o(i.xQueueGenericReset)
    xQueueGenericSendFromISR                 0x08002515   Thumb Code   252  queue.o(i.xQueueGenericSendFromISR)
    xQueueReceive                            0x08002611   Thumb Code   356  queue.o(i.xQueueReceive)
    xTaskCheckForTimeOut                     0x08002779   Thumb Code   132  tasks.o(i.xTaskCheckForTimeOut)
    xTaskCreate                              0x08002805   Thumb Code   100  tasks.o(i.xTaskCreate)
    xTaskCreateStatic                        0x08002869   Thumb Code   186  tasks.o(i.xTaskCreateStatic)
    xTaskGetSchedulerState                   0x08002925   Thumb Code    24  tasks.o(i.xTaskGetSchedulerState)
    xTaskIncrementTick                       0x08002945   Thumb Code   282  tasks.o(i.xTaskIncrementTick)
    xTaskPriorityDisinherit                  0x08002a8d   Thumb Code   188  tasks.o(i.xTaskPriorityDisinherit)
    xTaskRemoveFromEventList                 0x08002b55   Thumb Code   128  tasks.o(i.xTaskRemoveFromEventList)
    xTaskResumeAll                           0x08002bed   Thumb Code   224  tasks.o(i.xTaskResumeAll)
    _fp_init                                 0x08002cf1   Thumb Code    10  fpinit.o(x$fpl$fpinit)
    __fplib_config_fpu_vfp                   0x08002cf9   Thumb Code     0  fpinit.o(x$fpl$fpinit)
    __fplib_config_pureend_doubles           0x08002cf9   Thumb Code     0  fpinit.o(x$fpl$fpinit)
    AHBPrescTable                            0x08002d3c   Data          16  system_stm32f4xx.o(.constdata)
    APBPrescTable                            0x08002d4c   Data           8  system_stm32f4xx.o(.constdata)
    Region$$Table$$Base                      0x08002d6c   Number         0  anon$$obj.o(Region$$Table)
    Region$$Table$$Limit                     0x08002d8c   Number         0  anon$$obj.o(Region$$Table)
    UART1_TaskHandle                         0x20000000   Data           4  uart_bridge.o(.data)
    UART2_TaskHandle                         0x20000004   Data           4  uart_bridge.o(.data)
    uart1_to_uart2_queue                     0x20000008   Data           4  uart_bridge.o(.data)
    uart2_to_uart1_queue                     0x2000000c   Data           4  uart_bridge.o(.data)
    uwTick                                   0x20000010   Data           4  stm32f4xx_hal.o(.data)
    uwTickPrio                               0x20000014   Data           4  stm32f4xx_hal.o(.data)
    uwTickFreq                               0x20000018   Data           1  stm32f4xx_hal.o(.data)
    SystemCoreClock                          0x2000001c   Data           4  system_stm32f4xx.o(.data)
    pxCurrentTCB                             0x20000020   Data           4  tasks.o(.data)
    htim5                                    0x200002dc   Data          72  stm32f4xx_hal_timebase_tim.o(.bss)
    __libspace_start                         0x20004014   Data          96  libspace.o(.bss)
    __temporary_stack_top$libspace           0x20004074   Data           0  libspace.o(.bss)



==============================================================================

Memory Map of the image

  Image Entry point : 0x08000195

  Load Region LR_IROM1 (Base: 0x08000000, Size: 0x00002e14, Max: 0x00040000, ABSOLUTE)

    Execution Region ER_IROM1 (Exec base: 0x08000000, Load base: 0x08000000, Size: 0x00002d8c, Max: 0x00040000, ABSOLUTE)

    Exec Addr    Load Addr    Size         Type   Attr      Idx    E Section Name        Object

    0x08000000   0x08000000   0x00000194   Data   RO            3    RESET               startup_stm32f401xc.o
    0x08000194   0x08000194   0x00000008   Code   RO         4592  * !!!main             c_w.l(__main.o)
    0x0800019c   0x0800019c   0x00000034   Code   RO         4763    !!!scatter          c_w.l(__scatter.o)
    0x080001d0   0x080001d0   0x0000001a   Code   RO         4765    !!handler_copy      c_w.l(__scatter_copy.o)
    0x080001ea   0x080001ea   0x00000002   PAD
    0x080001ec   0x080001ec   0x0000001c   Code   RO         4767    !!handler_zi        c_w.l(__scatter_zi.o)
    0x08000208   0x08000208   0x00000002   Code   RO         4631    .ARM.Collect$$libinit$$00000000  c_w.l(libinit.o)
    0x0800020a   0x0800020a   0x00000004   Code   RO         4643    .ARM.Collect$$libinit$$00000001  c_w.l(libinit2.o)
    0x0800020e   0x0800020e   0x00000000   Code   RO         4646    .ARM.Collect$$libinit$$00000004  c_w.l(libinit2.o)
    0x0800020e   0x0800020e   0x00000000   Code   RO         4649    .ARM.Collect$$libinit$$0000000A  c_w.l(libinit2.o)
    0x0800020e   0x0800020e   0x00000000   Code   RO         4651    .ARM.Collect$$libinit$$0000000C  c_w.l(libinit2.o)
    0x0800020e   0x0800020e   0x00000000   Code   RO         4653    .ARM.Collect$$libinit$$0000000E  c_w.l(libinit2.o)
    0x0800020e   0x0800020e   0x00000000   Code   RO         4656    .ARM.Collect$$libinit$$00000011  c_w.l(libinit2.o)
    0x0800020e   0x0800020e   0x00000000   Code   RO         4658    .ARM.Collect$$libinit$$00000013  c_w.l(libinit2.o)
    0x0800020e   0x0800020e   0x00000000   Code   RO         4660    .ARM.Collect$$libinit$$00000015  c_w.l(libinit2.o)
    0x0800020e   0x0800020e   0x00000000   Code   RO         4662    .ARM.Collect$$libinit$$00000017  c_w.l(libinit2.o)
    0x0800020e   0x0800020e   0x00000000   Code   RO         4664    .ARM.Collect$$libinit$$00000019  c_w.l(libinit2.o)
    0x0800020e   0x0800020e   0x00000000   Code   RO         4666    .ARM.Collect$$libinit$$0000001B  c_w.l(libinit2.o)
    0x0800020e   0x0800020e   0x00000000   Code   RO         4668    .ARM.Collect$$libinit$$0000001D  c_w.l(libinit2.o)
    0x0800020e   0x0800020e   0x00000000   Code   RO         4670    .ARM.Collect$$libinit$$0000001F  c_w.l(libinit2.o)
    0x0800020e   0x0800020e   0x00000000   Code   RO         4672    .ARM.Collect$$libinit$$00000021  c_w.l(libinit2.o)
    0x0800020e   0x0800020e   0x00000000   Code   RO         4674    .ARM.Collect$$libinit$$00000023  c_w.l(libinit2.o)
    0x0800020e   0x0800020e   0x00000000   Code   RO         4676    .ARM.Collect$$libinit$$00000025  c_w.l(libinit2.o)
    0x0800020e   0x0800020e   0x00000000   Code   RO         4680    .ARM.Collect$$libinit$$0000002C  c_w.l(libinit2.o)
    0x0800020e   0x0800020e   0x00000000   Code   RO         4682    .ARM.Collect$$libinit$$0000002E  c_w.l(libinit2.o)
    0x0800020e   0x0800020e   0x00000000   Code   RO         4684    .ARM.Collect$$libinit$$00000030  c_w.l(libinit2.o)
    0x0800020e   0x0800020e   0x00000000   Code   RO         4686    .ARM.Collect$$libinit$$00000032  c_w.l(libinit2.o)
    0x0800020e   0x0800020e   0x00000002   Code   RO         4687    .ARM.Collect$$libinit$$00000033  c_w.l(libinit2.o)
    0x08000210   0x08000210   0x00000002   Code   RO         4718    .ARM.Collect$$libshutdown$$00000000  c_w.l(libshutdown.o)
    0x08000212   0x08000212   0x00000000   Code   RO         4744    .ARM.Collect$$libshutdown$$00000002  c_w.l(libshutdown2.o)
    0x08000212   0x08000212   0x00000000   Code   RO         4746    .ARM.Collect$$libshutdown$$00000004  c_w.l(libshutdown2.o)
    0x08000212   0x08000212   0x00000000   Code   RO         4748    .ARM.Collect$$libshutdown$$00000006  c_w.l(libshutdown2.o)
    0x08000212   0x08000212   0x00000000   Code   RO         4751    .ARM.Collect$$libshutdown$$00000009  c_w.l(libshutdown2.o)
    0x08000212   0x08000212   0x00000000   Code   RO         4754    .ARM.Collect$$libshutdown$$0000000C  c_w.l(libshutdown2.o)
    0x08000212   0x08000212   0x00000000   Code   RO         4756    .ARM.Collect$$libshutdown$$0000000E  c_w.l(libshutdown2.o)
    0x08000212   0x08000212   0x00000000   Code   RO         4759    .ARM.Collect$$libshutdown$$00000011  c_w.l(libshutdown2.o)
    0x08000212   0x08000212   0x00000002   Code   RO         4760    .ARM.Collect$$libshutdown$$00000012  c_w.l(libshutdown2.o)
    0x08000214   0x08000214   0x00000000   Code   RO         4594    .ARM.Collect$$rtentry$$00000000  c_w.l(__rtentry.o)
    0x08000214   0x08000214   0x00000000   Code   RO         4602    .ARM.Collect$$rtentry$$00000002  c_w.l(__rtentry2.o)
    0x08000214   0x08000214   0x00000006   Code   RO         4614    .ARM.Collect$$rtentry$$00000004  c_w.l(__rtentry4.o)
    0x0800021a   0x0800021a   0x00000000   Code   RO         4604    .ARM.Collect$$rtentry$$00000009  c_w.l(__rtentry2.o)
    0x0800021a   0x0800021a   0x00000004   Code   RO         4605    .ARM.Collect$$rtentry$$0000000A  c_w.l(__rtentry2.o)
    0x0800021e   0x0800021e   0x00000000   Code   RO         4607    .ARM.Collect$$rtentry$$0000000C  c_w.l(__rtentry2.o)
    0x0800021e   0x0800021e   0x00000008   Code   RO         4608    .ARM.Collect$$rtentry$$0000000D  c_w.l(__rtentry2.o)
    0x08000226   0x08000226   0x00000002   Code   RO         4635    .ARM.Collect$$rtexit$$00000000  c_w.l(rtexit.o)
    0x08000228   0x08000228   0x00000000   Code   RO         4691    .ARM.Collect$$rtexit$$00000002  c_w.l(rtexit2.o)
    0x08000228   0x08000228   0x00000004   Code   RO         4692    .ARM.Collect$$rtexit$$00000003  c_w.l(rtexit2.o)
    0x0800022c   0x0800022c   0x00000006   Code   RO         4693    .ARM.Collect$$rtexit$$00000004  c_w.l(rtexit2.o)
    0x08000232   0x08000232   0x00000002   PAD
    0x08000234   0x08000234   0x000000be   Code   RO         4501    .emb_text           port.o
    0x080002f2   0x080002f2   0x00000002   PAD
    0x080002f4   0x080002f4   0x00000040   Code   RO            4    .text               startup_stm32f401xc.o
    0x08000334   0x08000334   0x000000ee   Code   RO         4580    .text               c_w.l(lludivv7m.o)
    0x08000422   0x08000422   0x0000008a   Code   RO         4582    .text               c_w.l(rt_memcpy_v6.o)
    0x080004ac   0x080004ac   0x00000064   Code   RO         4584    .text               c_w.l(rt_memcpy_w.o)
    0x08000510   0x08000510   0x0000004e   Code   RO         4588    .text               c_w.l(rt_memclr_w.o)
    0x0800055e   0x0800055e   0x00000006   Code   RO         4590    .text               c_w.l(heapauxi.o)
    0x08000564   0x08000564   0x0000004a   Code   RO         4618    .text               c_w.l(sys_stackheap_outer.o)
    0x080005ae   0x080005ae   0x00000012   Code   RO         4620    .text               c_w.l(exit.o)
    0x080005c0   0x080005c0   0x00000008   Code   RO         4632    .text               c_w.l(libspace.o)
    0x080005c8   0x080005c8   0x0000000c   Code   RO         4688    .text               c_w.l(sys_exit.o)
    0x080005d4   0x080005d4   0x00000002   Code   RO         4707    .text               c_w.l(use_no_semi.o)
    0x080005d6   0x080005d6   0x00000000   Code   RO         4709    .text               c_w.l(indicate_semi.o)
    0x080005d6   0x080005d6   0x00000004   Code   RO          407    i.BusFault_Handler  stm32f4xx_it.o
    0x080005da   0x080005da   0x00000002   Code   RO          408    i.DebugMon_Handler  stm32f4xx_it.o
    0x080005dc   0x080005dc   0x00000006   Code   RO          250    i.Error_Handler     main.o
    0x080005e2   0x080005e2   0x00000002   PAD
    0x080005e4   0x080005e4   0x00000018   Code   RO         1873    i.HAL_IncTick       stm32f4xx_hal.o
    0x080005fc   0x080005fc   0x0000003c   Code   RO         1874    i.HAL_Init          stm32f4xx_hal.o
    0x08000638   0x08000638   0x000000b4   Code   RO          511    i.HAL_InitTick      stm32f4xx_hal_timebase_tim.o
    0x080006ec   0x080006ec   0x00000054   Code   RO          485    i.HAL_MspInit       stm32f4xx_hal_msp.o
    0x08000740   0x08000740   0x00000020   Code   RO         1719    i.HAL_NVIC_EnableIRQ  stm32f4xx_hal_cortex.o
    0x08000760   0x08000760   0x0000007c   Code   RO         1725    i.HAL_NVIC_SetPriority  stm32f4xx_hal_cortex.o
    0x080007dc   0x080007dc   0x00000028   Code   RO         1726    i.HAL_NVIC_SetPriorityGrouping  stm32f4xx_hal_cortex.o
    0x08000804   0x08000804   0x00000044   Code   RO          877    i.HAL_RCC_GetClockConfig  stm32f4xx_hal_rcc.o
    0x08000848   0x08000848   0x0000000c   Code   RO          878    i.HAL_RCC_GetHCLKFreq  stm32f4xx_hal_rcc.o
    0x08000854   0x08000854   0x00000020   Code   RO          880    i.HAL_RCC_GetPCLK1Freq  stm32f4xx_hal_rcc.o
    0x08000874   0x08000874   0x00000002   Code   RO         2829    i.HAL_TIMEx_BreakCallback  stm32f4xx_hal_tim_ex.o
    0x08000876   0x08000876   0x00000002   Code   RO         2830    i.HAL_TIMEx_CommutCallback  stm32f4xx_hal_tim_ex.o
    0x08000878   0x08000878   0x00000066   Code   RO         2114    i.HAL_TIM_Base_Init  stm32f4xx_hal_tim.o
    0x080008de   0x080008de   0x00000002   Code   RO         2116    i.HAL_TIM_Base_MspInit  stm32f4xx_hal_tim.o
    0x080008e0   0x080008e0   0x00000090   Code   RO         2119    i.HAL_TIM_Base_Start_IT  stm32f4xx_hal_tim.o
    0x08000970   0x08000970   0x00000002   Code   RO         2148    i.HAL_TIM_IC_CaptureCallback  stm32f4xx_hal_tim.o
    0x08000972   0x08000972   0x00000196   Code   RO         2162    i.HAL_TIM_IRQHandler  stm32f4xx_hal_tim.o
    0x08000b08   0x08000b08   0x00000002   Code   RO         2165    i.HAL_TIM_OC_DelayElapsedCallback  stm32f4xx_hal_tim.o
    0x08000b0a   0x08000b0a   0x00000002   Code   RO         2192    i.HAL_TIM_PWM_PulseFinishedCallback  stm32f4xx_hal_tim.o
    0x08000b0c   0x08000b0c   0x00000018   Code   RO          251    i.HAL_TIM_PeriodElapsedCallback  main.o
    0x08000b24   0x08000b24   0x00000002   Code   RO         2205    i.HAL_TIM_TriggerCallback  stm32f4xx_hal_tim.o
    0x08000b26   0x08000b26   0x00000004   Code   RO          409    i.HardFault_Handler  stm32f4xx_it.o
    0x08000b2a   0x08000b2a   0x00000002   PAD
    0x08000b2c   0x08000b2c   0x0000001c   Code   RO          252    i.LL_AHB1_GRP1_EnableClock  main.o
    0x08000b48   0x08000b48   0x00000138   Code   RO          553    i.LL_GPIO_Init      stm32f4xx_ll_gpio.o
    0x08000c80   0x08000c80   0x00000024   Code   RO          605    i.LL_RCC_GetSystemClocksFreq  stm32f4xx_ll_rcc.o
    0x08000ca4   0x08000ca4   0x00000010   Code   RO          607    i.LL_RCC_PLL_GetN   stm32f4xx_ll_rcc.o
    0x08000cb4   0x08000cb4   0x0000000c   Code   RO          713    i.LL_SetSystemCoreClock  stm32f4xx_ll_utils.o
    0x08000cc0   0x08000cc0   0x00000012   Code   RO          253    i.LL_USART_ConfigAsyncMode  main.o
    0x08000cd2   0x08000cd2   0x0000000a   Code   RO          254    i.LL_USART_Enable   main.o
    0x08000cdc   0x08000cdc   0x00000020   Code   RO           13    i.LL_USART_EnableIT_RXNE  uart_bridge.o
    0x08000cfc   0x08000cfc   0x00000098   Code   RO         3101    i.LL_USART_Init     stm32f4xx_ll_usart.o
    0x08000d94   0x08000d94   0x0000000a   Code   RO           14    i.LL_USART_IsActiveFlag_TXE  uart_bridge.o
    0x08000d9e   0x08000d9e   0x0000000a   Code   RO         3102    i.LL_USART_IsEnabled  stm32f4xx_ll_usart.o
    0x08000da8   0x08000da8   0x000001b8   Code   RO         3103    i.LL_USART_SetBaudRate  stm32f4xx_ll_usart.o
    0x08000f60   0x08000f60   0x00000004   Code   RO           15    i.LL_USART_TransmitData8  uart_bridge.o
    0x08000f64   0x08000f64   0x0000000a   Code   RO          255    i.MX_GPIO_Init      main.o
    0x08000f6e   0x08000f6e   0x00000002   PAD
    0x08000f70   0x08000f70   0x000000ac   Code   RO          256    i.MX_USART1_UART_Init  main.o
    0x0800101c   0x0800101c   0x000000ac   Code   RO          257    i.MX_USART2_UART_Init  main.o
    0x080010c8   0x080010c8   0x00000004   Code   RO          410    i.MemManage_Handler  stm32f4xx_it.o
    0x080010cc   0x080010cc   0x00000004   Code   RO          411    i.NMI_Handler       stm32f4xx_it.o
    0x080010d0   0x080010d0   0x00000040   Code   RO          258    i.NVIC_EncodePriority  main.o
    0x08001110   0x08001110   0x00000020   Code   RO          609    i.RCC_GetHCLKClockFreq  stm32f4xx_ll_rcc.o
    0x08001130   0x08001130   0x00000024   Code   RO          610    i.RCC_GetPCLK1ClockFreq  stm32f4xx_ll_rcc.o
    0x08001154   0x08001154   0x00000024   Code   RO          611    i.RCC_GetPCLK2ClockFreq  stm32f4xx_ll_rcc.o
    0x08001178   0x08001178   0x00000044   Code   RO          612    i.RCC_GetSystemClockFreq  stm32f4xx_ll_rcc.o
    0x080011bc   0x080011bc   0x00000070   Code   RO          615    i.RCC_PLL_GetFreqDomain_SYS  stm32f4xx_ll_rcc.o
    0x0800122c   0x0800122c   0x00000038   Code   RO           16    i.StartUART1_Task   uart_bridge.o
    0x08001264   0x08001264   0x00000038   Code   RO           17    i.StartUART2_Task   uart_bridge.o
    0x0800129c   0x0800129c   0x00000034   Code   RO         4502    i.SysTick_Handler   port.o
    0x080012d0   0x080012d0   0x00000160   Code   RO          260    i.SystemClock_Config  main.o
    0x08001430   0x08001430   0x00000014   Code   RO         3227    i.SystemInit        system_stm32f4xx.o
    0x08001444   0x08001444   0x00000010   Code   RO          412    i.TIM5_IRQHandler   stm32f4xx_it.o
    0x08001454   0x08001454   0x000000a4   Code   RO         2207    i.TIM_Base_SetConfig  stm32f4xx_hal_tim.o
    0x080014f8   0x080014f8   0x00000080   Code   RO           18    i.UART_Bridge_init  uart_bridge.o
    0x08001578   0x08001578   0x00000008   Code   RO          413    i.USART1_IRQHandler  stm32f4xx_it.o
    0x08001580   0x08001580   0x00000040   Code   RO           19    i.USART1_IRQ_Handler  uart_bridge.o
    0x080015c0   0x080015c0   0x00000008   Code   RO          414    i.USART2_IRQHandler  stm32f4xx_it.o
    0x080015c8   0x080015c8   0x00000040   Code   RO           20    i.USART2_IRQ_Handler  uart_bridge.o
    0x08001608   0x08001608   0x00000004   Code   RO          415    i.UsageFault_Handler  stm32f4xx_it.o
    0x0800160c   0x0800160c   0x0000001a   Code   RO          261    i.__NVIC_EnableIRQ  main.o
    0x08001626   0x08001626   0x00000002   PAD
    0x08001628   0x08001628   0x00000010   Code   RO          262    i.__NVIC_GetPriorityGrouping  main.o
    0x08001638   0x08001638   0x00000010   Code   RO         1732    i.__NVIC_GetPriorityGrouping  stm32f4xx_hal_cortex.o
    0x08001648   0x08001648   0x00000028   Code   RO          263    i.__NVIC_SetPriority  main.o
    0x08001670   0x08001670   0x00000028   Code   RO         1733    i.__NVIC_SetPriority  stm32f4xx_hal_cortex.o
    0x08001698   0x08001698   0x0000001c   Code   RO          264    i.main              main.o
    0x080016b4   0x080016b4   0x0000000e   Code   RO         4067    i.makeFreeRtosPriority  cmsis_os.o
    0x080016c2   0x080016c2   0x0000000a   Code   RO         4072    i.osKernelStart     cmsis_os.o
    0x080016cc   0x080016cc   0x0000005e   Code   RO         4106    i.osThreadCreate    cmsis_os.o
    0x0800172a   0x0800172a   0x00000002   PAD
    0x0800172c   0x0800172c   0x00000098   Code   RO         3738    i.prvAddCurrentTaskToDelayedList  tasks.o
    0x080017c4   0x080017c4   0x000000b4   Code   RO         3739    i.prvAddNewTaskToReadyList  tasks.o
    0x08001878   0x08001878   0x00000048   Code   RO         3740    i.prvCheckTasksWaitingTermination  tasks.o
    0x080018c0   0x080018c0   0x0000002a   Code   RO         3404    i.prvCopyDataFromQueue  queue.o
    0x080018ea   0x080018ea   0x0000007e   Code   RO         3405    i.prvCopyDataToQueue  queue.o
    0x08001968   0x08001968   0x00000050   Code   RO         3741    i.prvDeleteTCB      tasks.o
    0x080019b8   0x080019b8   0x0000007c   Code   RO         4434    i.prvHeapInit       heap_4.o
    0x08001a34   0x08001a34   0x00000028   Code   RO         3742    i.prvIdleTask       tasks.o
    0x08001a5c   0x08001a5c   0x00000026   Code   RO         3408    i.prvInitialiseNewQueue  queue.o
    0x08001a82   0x08001a82   0x000000b4   Code   RO         3743    i.prvInitialiseNewTask  tasks.o
    0x08001b36   0x08001b36   0x00000002   PAD
    0x08001b38   0x08001b38   0x00000068   Code   RO         3744    i.prvInitialiseTaskLists  tasks.o
    0x08001ba0   0x08001ba0   0x00000068   Code   RO         4435    i.prvInsertBlockIntoFreeList  heap_4.o
    0x08001c08   0x08001c08   0x0000001a   Code   RO         3409    i.prvIsQueueEmpty   queue.o
    0x08001c22   0x08001c22   0x00000002   PAD
    0x08001c24   0x08001c24   0x00000034   Code   RO         3745    i.prvResetNextTaskUnblockTime  tasks.o
    0x08001c58   0x08001c58   0x00000040   Code   RO         4503    i.prvTaskExitError  port.o
    0x08001c98   0x08001c98   0x0000007e   Code   RO         3411    i.prvUnlockQueue    queue.o
    0x08001d16   0x08001d16   0x00000002   PAD
    0x08001d18   0x08001d18   0x0000014c   Code   RO         4436    i.pvPortMalloc      heap_4.o
    0x08001e64   0x08001e64   0x0000002c   Code   RO         4504    i.pxPortInitialiseStack  port.o
    0x08001e90   0x08001e90   0x00000028   Code   RO         3364    i.uxListRemove      list.o
    0x08001eb8   0x08001eb8   0x00000018   Code   RO          369    i.vApplicationGetIdleTaskMemory  freertos.o
    0x08001ed0   0x08001ed0   0x0000001a   Code   RO         3365    i.vListInitialise   list.o
    0x08001eea   0x08001eea   0x00000006   Code   RO         3366    i.vListInitialiseItem  list.o
    0x08001ef0   0x08001ef0   0x00000034   Code   RO         3367    i.vListInsert       list.o
    0x08001f24   0x08001f24   0x00000018   Code   RO         3368    i.vListInsertEnd    list.o
    0x08001f3c   0x08001f3c   0x00000054   Code   RO         4506    i.vPortEnterCritical  port.o
    0x08001f90   0x08001f90   0x0000003c   Code   RO         4507    i.vPortExitCritical  port.o
    0x08001fcc   0x08001fcc   0x000000a4   Code   RO         4437    i.vPortFree         heap_4.o
    0x08002070   0x08002070   0x00000028   Code   RO         4508    i.vPortSetupTimerInterrupt  port.o
    0x08002098   0x08002098   0x00000078   Code   RO         4509    i.vPortValidateInterruptPriority  port.o
    0x08002110   0x08002110   0x00000018   Code   RO         3757    i.vTaskInternalSetTimeOutState  tasks.o
    0x08002128   0x08002128   0x0000000c   Code   RO         3758    i.vTaskMissedYield  tasks.o
    0x08002134   0x08002134   0x00000038   Code   RO         3760    i.vTaskPlaceOnEventList  tasks.o
    0x0800216c   0x0800216c   0x000000b0   Code   RO         3767    i.vTaskStartScheduler  tasks.o
    0x0800221c   0x0800221c   0x00000010   Code   RO         3769    i.vTaskSuspendAll   tasks.o
    0x0800222c   0x0800222c   0x0000008c   Code   RO         3770    i.vTaskSwitchContext  tasks.o
    0x080022b8   0x080022b8   0x00000168   Code   RO         4510    i.xPortStartScheduler  port.o
    0x08002420   0x08002420   0x0000005a   Code   RO         3420    i.xQueueGenericCreate  queue.o
    0x0800247a   0x0800247a   0x00000002   PAD
    0x0800247c   0x0800247c   0x00000098   Code   RO         3422    i.xQueueGenericReset  queue.o
    0x08002514   0x08002514   0x000000fc   Code   RO         3424    i.xQueueGenericSendFromISR  queue.o
    0x08002610   0x08002610   0x00000168   Code   RO         3430    i.xQueueReceive     queue.o
    0x08002778   0x08002778   0x0000008c   Code   RO         3772    i.xTaskCheckForTimeOut  tasks.o
    0x08002804   0x08002804   0x00000064   Code   RO         3773    i.xTaskCreate       tasks.o
    0x08002868   0x08002868   0x000000ba   Code   RO         3774    i.xTaskCreateStatic  tasks.o
    0x08002922   0x08002922   0x00000002   PAD
    0x08002924   0x08002924   0x00000020   Code   RO         3778    i.xTaskGetSchedulerState  tasks.o
    0x08002944   0x08002944   0x00000148   Code   RO         3781    i.xTaskIncrementTick  tasks.o
    0x08002a8c   0x08002a8c   0x000000c8   Code   RO         3784    i.xTaskPriorityDisinherit  tasks.o
    0x08002b54   0x08002b54   0x00000098   Code   RO         3786    i.xTaskRemoveFromEventList  tasks.o
    0x08002bec   0x08002bec   0x00000104   Code   RO         3787    i.xTaskResumeAll    tasks.o
    0x08002cf0   0x08002cf0   0x0000000a   Code   RO         4703    x$fpl$fpinit        fz_wm.l(fpinit.o)
    0x08002cfa   0x08002cfa   0x00000002   PAD
    0x08002cfc   0x08002cfc   0x00000040   Data   RO           21    .constdata          uart_bridge.o
    0x08002d3c   0x08002d3c   0x00000018   Data   RO         3228    .constdata          system_stm32f4xx.o
    0x08002d54   0x08002d54   0x00000017   Data   RO           22    .conststring        uart_bridge.o
    0x08002d6b   0x08002d6b   0x00000001   PAD
    0x08002d6c   0x08002d6c   0x00000020   Data   RO         4761    Region$$Table       anon$$obj.o


    Execution Region RW_IRAM1 (Exec base: 0x20000000, Load base: 0x08002d8c, Size: 0x00004678, Max: 0x00010000, ABSOLUTE)

    Exec Addr    Load Addr    Size         Type   Attr      Idx    E Section Name        Object

    0x20000000   0x08002d8c   0x00000010   Data   RW           23    .data               uart_bridge.o
    0x20000010   0x08002d9c   0x00000009   Data   RW         1881    .data               stm32f4xx_hal.o
    0x20000019   0x08002da5   0x00000003   PAD
    0x2000001c   0x08002da8   0x00000004   Data   RW         3229    .data               system_stm32f4xx.o
    0x20000020   0x08002dac   0x0000003c   Data   RW         3790    .data               tasks.o
    0x2000005c   0x08002de8   0x00000020   Data   RW         4443    .data               heap_4.o
    0x2000007c   0x08002e08   0x0000000c   Data   RW         4511    .data               port.o
    0x20000088        -       0x00000254   Zero   RW          370    .bss                freertos.o
    0x200002dc        -       0x00000048   Zero   RW          514    .bss                stm32f4xx_hal_timebase_tim.o
    0x20000324        -       0x000000f0   Zero   RW         3789    .bss                tasks.o
    0x20000414        -       0x00003c00   Zero   RW         4442    .bss                heap_4.o
    0x20004014        -       0x00000060   Zero   RW         4633    .bss                c_w.l(libspace.o)
    0x20004074   0x08002e14   0x00000004   PAD
    0x20004078        -       0x00000200   Zero   RW            2    HEAP                startup_stm32f401xc.o
    0x20004278        -       0x00000400   Zero   RW            1    STACK               startup_stm32f401xc.o


==============================================================================

Image component sizes


      Code (inc. data)   RO Data    RW Data    ZI Data      Debug   Object Name

       118          0          0          0          0      22249   cmsis_os.o
         0          0          0          0          0      19920   event_groups.o
        24         10          0          0        596       1240   freertos.o
       724         74          0         32      15360       7335   heap_4.o
       148          0          0          0          0       3494   list.o
       966         68          0          0          0      86315   main.o
      1014         92          0         12          0      11889   port.o
      1212         10          0          0          0      12886   queue.o
        64         26        404          0       1536        832   startup_stm32f401xc.o
        84         14          0          9          0       7348   stm32f4xx_hal.o
       252         22          0          0          0      33606   stm32f4xx_hal_cortex.o
        84          6          0          0          0        838   stm32f4xx_hal_msp.o
       112         26          0          0          0       2326   stm32f4xx_hal_rcc.o
       826         52          0          0          0       6310   stm32f4xx_hal_tim.o
         4          0          0          0          0       1533   stm32f4xx_hal_tim_ex.o
       180         20          0          0         72       1431   stm32f4xx_hal_timebase_tim.o
        54          6          0          0          0       4195   stm32f4xx_it.o
       312          0          0          0          0       7303   stm32f4xx_ll_gpio.o
       336         60          0          0          0      28249   stm32f4xx_ll_rcc.o
       602         12          0          0          0      16792   stm32f4xx_ll_usart.o
        12          6          0          0          0        576   stm32f4xx_ll_utils.o
         0          0          0          0          0        392   stream_buffer.o
        20          6         24          4          0       1091   system_stm32f4xx.o
      2682        330          0         60        240      24791   tasks.o
       414         74         87         16          0     495731   uart_bridge.o

    ----------------------------------------------------------------------
     10266        914        548        136      17804     798672   Object Totals
         0          0         32          0          0          0   (incl. Generated)
        22          0          1          3          0          0   (incl. Padding)

    ----------------------------------------------------------------------

      Code (inc. data)   RO Data    RW Data    ZI Data      Debug   Library Member Name

         8          0          0          0          0         68   __main.o
         0          0          0          0          0          0   __rtentry.o
        12          0          0          0          0          0   __rtentry2.o
         6          0          0          0          0          0   __rtentry4.o
        52          8          0          0          0          0   __scatter.o
        26          0          0          0          0          0   __scatter_copy.o
        28          0          0          0          0          0   __scatter_zi.o
        18          0          0          0          0         80   exit.o
         6          0          0          0          0        152   heapauxi.o
         0          0          0          0          0          0   indicate_semi.o
         2          0          0          0          0          0   libinit.o
         6          0          0          0          0          0   libinit2.o
         2          0          0          0          0          0   libshutdown.o
         2          0          0          0          0          0   libshutdown2.o
         8          4          0          0         96         68   libspace.o
       238          0          0          0          0        100   lludivv7m.o
        78          0          0          0          0         80   rt_memclr_w.o
       138          0          0          0          0         68   rt_memcpy_v6.o
       100          0          0          0          0         80   rt_memcpy_w.o
         2          0          0          0          0          0   rtexit.o
        10          0          0          0          0          0   rtexit2.o
        12          4          0          0          0         68   sys_exit.o
        74          0          0          0          0         80   sys_stackheap_outer.o
         2          0          0          0          0         68   use_no_semi.o
        10          0          0          0          0        116   fpinit.o

    ----------------------------------------------------------------------
       846         16          0          0        100       1028   Library Totals
         6          0          0          0          4          0   (incl. Padding)

    ----------------------------------------------------------------------

      Code (inc. data)   RO Data    RW Data    ZI Data      Debug   Library Name

       830         16          0          0         96        912   c_w.l
        10          0          0          0          0        116   fz_wm.l

    ----------------------------------------------------------------------
       846         16          0          0        100       1028   Library Totals

    ----------------------------------------------------------------------

==============================================================================


      Code (inc. data)   RO Data    RW Data    ZI Data      Debug   

     11112        930        548        136      17904     787936   Grand Totals
     11112        930        548        136      17904     787936   ELF Image Totals
     11112        930        548        136          0          0   ROM Totals

==============================================================================

    Total RO  Size (Code + RO Data)                11660 (  11.39kB)
    Total RW  Size (RW Data + ZI Data)             18040 (  17.62kB)
    Total ROM Size (Code + RO Data + RW Data)      11796 (  11.52kB)

==============================================================================

